Component: ARM Compiler 5.06 update 7 (build 960) Tool: armlink [4d3601]

==============================================================================

Section Cross References

    main.o(.text) refers to system_gd32f1x0.o(.text) for SystemCoreClockUpdate
    main.o(.text) refers to setup.o(.text) for Watchdog_init
    main.o(.text) refers to gd32f1x0_gpio.o(.text) for gpio_bit_write
    main.o(.text) refers to gd32f1x0_fwdgt.o(.text) for fwdgt_counter_reload
    main.o(.text) refers to it.o(.text) for Delay
    main.o(.text) refers to system_gd32f1x0.o(.data) for SystemCoreClock
    bldc.o(.text) refers to fflt_clz.o(x$fpl$ffltu) for __aeabi_ui2f
    bldc.o(.text) refers to f2d.o(x$fpl$f2d) for __aeabi_f2d
    bldc.o(.text) refers to dmul.o(x$fpl$dmul) for __aeabi_dmul
    bldc.o(.text) refers to daddsub_clz.o(x$fpl$dadd) for __aeabi_dadd
    bldc.o(.text) refers to d2f.o(x$fpl$d2f) for __aeabi_d2f
    bldc.o(.text) refers to dflt_clz.o(x$fpl$dflt) for __aeabi_i2d
    bldc.o(.text) refers to dleqf.o(x$fpl$dleqf) for __aeabi_cdcmple
    bldc.o(.text) refers to frleqf.o(x$fpl$frleqf) for __aeabi_cfrcmple
    bldc.o(.text) refers to gd32f1x0_timer.o(.text) for timer_automatic_output_disable
    bldc.o(.text) refers to gd32f1x0_gpio.o(.text) for gpio_input_bit_get
    bldc.o(.text) refers to bldc.o(i.blockPWM) for blockPWM
    bldc.o(.text) refers to fdiv.o(x$fpl$fdiv) for __aeabi_fdiv
    bldc.o(.text) refers to bldc.o(.data) for bldc_enable
    bldc.o(.text) refers to it.o(.data) for timedOut
    bldc.o(.text) refers to bldc.o(.constdata) for hall_to_pos
    setup.o(.text) refers to gd32f1x0_misc.o(.text) for nvic_priority_group_set
    setup.o(.text) refers to gd32f1x0_rcu.o(.text) for rcu_flag_get
    setup.o(.text) refers to gd32f1x0_fwdgt.o(.text) for fwdgt_config
    setup.o(.text) refers to gd32f1x0_timer.o(.text) for timer_deinit
    setup.o(.text) refers to gd32f1x0_gpio.o(.text) for gpio_mode_set
    setup.o(.text) refers to setup.o(.bss) for timeoutTimer_paramter_struct
    setup.o(.text) refers to gd32f1x0_dma.o(.text) for dma_deinit
    setup.o(.text) refers to gd32f1x0_adc.o(.text) for adc_channel_length_config
    setup.o(.text) refers to gd32f1x0_usart.o(.text) for usart_baudrate_set
    setup.o(.text) refers to bldc.o(.data) for adc_buffer
    setup.o(.text) refers to setup.o(.data) for usartMasterSlave_rx_buf
    it.o(.text) refers to bldc.o(.text) for SetPWM
    it.o(.text) refers to commsmasterslave.o(.text) for SetUpperLEDMaster
    it.o(.text) refers to led.o(.text) for CalculateLEDProgram
    it.o(.text) refers to gd32f1x0_timer.o(.text) for timer_interrupt_flag_clear
    it.o(.text) refers to gd32f1x0_adc.o(.text) for adc_software_trigger_enable
    it.o(.text) refers to gd32f1x0_dma.o(.text) for dma_interrupt_flag_get
    it.o(.text) refers to commsbluetooth.o(.text) for UpdateUSARTBluetoothInput
    it.o(.text) refers to it.o(.data) for msTicks
    comms.o(.text) refers to gd32f1x0_usart.o(.text) for usart_data_transmit
    commsbluetooth.o(.text) refers to _printf_pad.o(.text) for _printf_pre_padding
    commsbluetooth.o(.text) refers to _printf_percent.o(.ARM.Collect$$_printf_percent$$00000000) for _printf_percent
    commsbluetooth.o(.text) refers to _printf_d.o(.ARM.Collect$$_printf_percent$$00000009) for _printf_d
    commsbluetooth.o(.text) refers to _printf_dec.o(.text) for _printf_int_dec
    commsbluetooth.o(.text) refers to noretval__2sprintf.o(.text) for __2sprintf
    commsbluetooth.o(.text) refers to comms.o(.text) for SendBuffer
    commsbluetooth.o(.text) refers to commsmasterslave.o(.text) for GetBatteryMaster
    commsbluetooth.o(.text) refers to fmul.o(x$fpl$fmul) for __aeabi_fmul
    commsbluetooth.o(.text) refers to ffix.o(x$fpl$ffix) for __aeabi_f2iz
    commsbluetooth.o(.text) refers to led.o(.text) for GetHSBHue
    commsbluetooth.o(.text) refers to bldc.o(.data) for currentDC
    commsbluetooth.o(.text) refers to it.o(.data) for hornCounter_ms
    commsbluetooth.o(.text) refers to setup.o(.data) for usartSteer_COM_rx_buf
    commsbluetooth.o(.text) refers to commsbluetooth.o(.data) for sUSARTBluetoothRecordBufferCounter
    commsbluetooth.o(.text) refers to commsbluetooth.o(.bss) for sUSARTBluetoothRecordBuffer
    commsmasterslave.o(.text) refers to comms.o(.text) for CalcCRC
    commsmasterslave.o(.text) refers to gd32f1x0_usart.o(.text) for usart_deinit
    commsmasterslave.o(.text) refers to bldc.o(.text) for SetEnable
    commsmasterslave.o(.text) refers to gd32f1x0_gpio.o(.text) for gpio_bit_write
    commsmasterslave.o(.text) refers to gd32f1x0_fwdgt.o(.text) for fwdgt_counter_reload
    commsmasterslave.o(.text) refers to it.o(.text) for ResetTimeout
    commsmasterslave.o(.text) refers to commsmasterslave.o(.data) for currentDCMaster
    commsmasterslave.o(.text) refers to setup.o(.data) for usartMasterSlave_rx_buf
[...]
    .ARM.Collect$$libinit$$0000000E          0x080001e8   Section        0  libinit2.o(.ARM.Collect$$libinit$$0000000E)
    .ARM.Collect$$libinit$$00000011          0x080001e8   Section        0  libinit2.o(.ARM.Collect$$libinit$$00000011)
    .ARM.Collect$$libinit$$00000013          0x080001e8   Section        0  libinit2.o(.ARM.Collect$$libinit$$00000013)
    .ARM.Collect$$libinit$$00000015          0x080001e8   Section        0  libinit2.o(.ARM.Collect$$libinit$$00000015)
    .ARM.Collect$$libinit$$00000017          0x080001e8   Section        0  libinit2.o(.ARM.Collect$$libinit$$00000017)
    .ARM.Collect$$libinit$$00000019          0x080001e8   Section        0  libinit2.o(.ARM.Collect$$libinit$$00000019)
    .ARM.Collect$$libinit$$0000001B          0x080001e8   Section        0  libinit2.o(.ARM.Collect$$libinit$$0000001B)
    .ARM.Collect$$libinit$$0000001D          0x080001e8   Section        0  libinit2.o(.ARM.Collect$$libinit$$0000001D)
    .ARM.Collect$$libinit$$0000001F          0x080001e8   Section        0  libinit2.o(.ARM.Collect$$libinit$$0000001F)
    .ARM.Collect$$libinit$$00000021          0x080001e8   Section        0  libinit2.o(.ARM.Collect$$libinit$$00000021)
    .ARM.Collect$$libinit$$00000023          0x080001e8   Section        0  libinit2.o(.ARM.Collect$$libinit$$00000023)
    .ARM.Collect$$libinit$$00000025          0x080001e8   Section        0  libinit2.o(.ARM.Collect$$libinit$$00000025)
    .ARM.Collect$$libinit$$0000002C          0x080001e8   Section        0  libinit2.o(.ARM.Collect$$libinit$$0000002C)
    .ARM.Collect$$libinit$$0000002E          0x080001e8   Section        0  libinit2.o(.ARM.Collect$$libinit$$0000002E)
    .ARM.Collect$$libinit$$00000030          0x080001e8   Section        0  libinit2.o(.ARM.Collect$$libinit$$00000030)
    .ARM.Collect$$libinit$$00000032          0x080001e8   Section        0  libinit2.o(.ARM.Collect$$libinit$$00000032)
    .ARM.Collect$$libinit$$00000033          0x080001e8   Section        2  libinit2.o(.ARM.Collect$$libinit$$00000033)
    .ARM.Collect$$libshutdown$$00000000      0x080001ea   Section        2  libshutdown.o(.ARM.Collect$$libshutdown$$00000000)
    .ARM.Collect$$libshutdown$$00000002      0x080001ec   Section        0  libshutdown2.o(.ARM.Collect$$libshutdown$$00000002)
    .ARM.Collect$$libshutdown$$00000004      0x080001ec   Section        0  libshutdown2.o(.ARM.Collect$$libshutdown$$00000004)
    .ARM.Collect$$libshutdown$$00000006      0x080001ec   Section        0  libshutdown2.o(.ARM.Collect$$libshutdown$$00000006)
    .ARM.Collect$$libshutdown$$00000009      0x080001ec   Section        0  libshutdown2.o(.ARM.Collect$$libshutdown$$00000009)
    .ARM.Collect$$libshutdown$$0000000C      0x080001ec   Section        0  libshutdown2.o(.ARM.Collect$$libshutdown$$0000000C)
    .ARM.Collect$$libshutdown$$0000000E      0x080001ec   Section        0  libshutdown2.o(.ARM.Collect$$libshutdown$$0000000E)
    .ARM.Collect$$libshutdown$$00000011      0x080001ec   Section        0  libshutdown2.o(.ARM.Collect$$libshutdown$$00000011)
    .ARM.Collect$$libshutdown$$00000012      0x080001ec   Section        2  libshutdown2.o(.ARM.Collect$$libshutdown$$00000012)
    .ARM.Collect$$rtentry$$00000000          0x080001ee   Section        0  __rtentry.o(.ARM.Collect$$rtentry$$00000000)
    .ARM.Collect$$rtentry$$00000002          0x080001ee   Section        0  __rtentry2.o(.ARM.Collect$$rtentry$$00000002)
    .ARM.Collect$$rtentry$$00000004          0x080001ee   Section        6  __rtentry4.o(.ARM.Collect$$rtentry$$00000004)
    .ARM.Collect$$rtentry$$00000009          0x080001f4   Section        0  __rtentry2.o(.ARM.Collect$$rtentry$$00000009)
    .ARM.Collect$$rtentry$$0000000A          0x080001f4   Section        4  __rtentry2.o(.ARM.Collect$$rtentry$$0000000A)
    .ARM.Collect$$rtentry$$0000000C          0x080001f8   Section        0  __rtentry2.o(.ARM.Collect$$rtentry$$0000000C)
    .ARM.Collect$$rtentry$$0000000D          0x080001f8   Section        8  __rtentry2.o(.ARM.Collect$$rtentry$$0000000D)
    .ARM.Collect$$rtexit$$00000000           0x08000200   Section        2  rtexit.o(.ARM.Collect$$rtexit$$00000000)
    .ARM.Collect$$rtexit$$00000002           0x08000202   Section        0  rtexit2.o(.ARM.Collect$$rtexit$$00000002)
    .ARM.Collect$$rtexit$$00000003           0x08000202   Section        4  rtexit2.o(.ARM.Collect$$rtexit$$00000003)
    .ARM.Collect$$rtexit$$00000004           0x08000206   Section        6  rtexit2.o(.ARM.Collect$$rtexit$$00000004)
    .text                                    0x0800020c   Section        0  main.o(.text)
    .text                                    0x080002b0   Section        0  bldc.o(.text)
    .text                                    0x080005f8   Section        0  setup.o(.text)
    .text                                    0x08000d8c   Section        0  it.o(.text)
    .text                                    0x08000eb4   Section        0  comms.o(.text)
    .text                                    0x08000f24   Section        0  commsbluetooth.o(.text)
    .text                                    0x08001244   Section        0  commsmasterslave.o(.text)
    .text                                    0x0800149c   Section        0  led.o(.text)
    .text                                    0x080018e8   Section        0  gd32f1x0_adc.o(.text)
    .text                                    0x08001f88   Section        0  gd32f1x0_dma.o(.text)
    .text                                    0x08002454   Section        0  gd32f1x0_fwdgt.o(.text)
    .text                                    0x08002520   Section        0  gd32f1x0_gpio.o(.text)
    .text                                    0x080026fc   Section        0  gd32f1x0_misc.o(.text)
    .text                                    0x08002820   Section        0  gd32f1x0_rcu.o(.text)
    .text                                    0x080030c8   Section        0  gd32f1x0_timer.o(.text)
    .text                                    0x08003e88   Section        0  gd32f1x0_usart.o(.text)
    .text                                    0x080044d8   Section       64  startup_gd32f1x0.o(.text)
    .text                                    0x08004518   Section        0  system_gd32f1x0.o(.text)
    system_clock_72m_irc8m                   0x08004519   Thumb Code   106  system_gd32f1x0.o(.text)
    system_clock_config                      0x08004583   Thumb Code     8  system_gd32f1x0.o(.text)
    .text                                    0x08004704   Section        0  noretval__2sprintf.o(.text)
    .text                                    0x0800472c   Section        0  _printf_pad.o(.text)
    .text                                    0x0800477c   Section        0  _printf_dec.o(.text)
    .text                                    0x080047f4   Section        0  __printf_flags_wp.o(.text)
    .text                                    0x0800492c   Section        0  heapauxi.o(.text)
    .text                                    0x08004932   Section        0  _printf_intcommon.o(.text)
    .text                                    0x080049e4   Section        0  _printf_char_common.o(.text)
    _printf_input_char                       0x080049e5   Thumb Code    10  _printf_char_common.o(.text)
    .text                                    0x08004a14   Section        0  _sputc.o(.text)
    .text                                    0x08004a1e   Section       74  sys_stackheap_outer.o(.text)
    .text                                    0x08004a68   Section        0  exit.o(.text)
    .text                                    0x08004a7c   Section        8  libspace.o(.text)
    .text                                    0x08004a84   Section        0  sys_exit.o(.text)
    .text                                    0x08004a90   Section        2  use_no_semi.o(.text)
    .text                                    0x08004a92   Section        0  indicate_semi.o(.text)
    i._is_digit                              0x08004a92   Section        0  __printf_wp.o(i._is_digit)
    i.blockPWM                               0x08004aa0   Section        0  bldc.o(i.blockPWM)
    x$fpl$d2f                                0x08004b0c   Section       98  d2f.o(x$fpl$d2f)
    x$fpl$dadd                               0x08004b70   Section      336  daddsub_clz.o(x$fpl$dadd)
    _dadd1                                   0x08004b81   Thumb Code     0  daddsub_clz.o(x$fpl$dadd)
    x$fpl$dcmpinf                            0x08004cc0   Section       24  dcmpi.o(x$fpl$dcmpinf)
    x$fpl$dflt                               0x08004cd8   Section       46  dflt_clz.o(x$fpl$dflt)
    x$fpl$dleqf                              0x08004d08   Section      120  dleqf.o(x$fpl$dleqf)
    x$fpl$dmul                               0x08004d80   Section      340  dmul.o(x$fpl$dmul)
    x$fpl$dnaninf                            0x08004ed4   Section      156  dnaninf.o(x$fpl$dnaninf)
    x$fpl$dretinf                            0x08004f70   Section       12  dretinf.o(x$fpl$dretinf)
    x$fpl$dsub                               0x08004f7c   Section      468  daddsub_clz.o(x$fpl$dsub)
    _dsub1                                   0x08004f8d   Thumb Code     0  daddsub_clz.o(x$fpl$dsub)
    x$fpl$f2d                                0x08005150   Section       86  f2d.o(x$fpl$f2d)
    x$fpl$fcmpinf                            0x080051a6   Section       24  fcmpi.o(x$fpl$fcmpinf)
    x$fpl$fdiv                               0x080051c0   Section      388  fdiv.o(x$fpl$fdiv)
    _fdiv1                                   0x080051c1   Thumb Code     0  fdiv.o(x$fpl$fdiv)
    x$fpl$ffix                               0x08005344   Section       54  ffix.o(x$fpl$ffix)
    x$fpl$ffltu                              0x0800537c   Section       38  fflt_clz.o(x$fpl$ffltu)
    x$fpl$fleqf                              0x080053a4   Section      104  fleqf.o(x$fpl$fleqf)
    x$fpl$fmul                               0x0800540c   Section      258  fmul.o(x$fpl$fmul)
    x$fpl$fnaninf                            0x0800550e   Section      140  fnaninf.o(x$fpl$fnaninf)
    x$fpl$fretinf                            0x0800559a   Section       10  fretinf.o(x$fpl$fretinf)
    x$fpl$frleqf                             0x080055a4   Section       98  frleqf.o(x$fpl$frleqf)
    .constdata                               0x08005606   Section       10  bldc.o(.constdata)
    x$fpl$usenofp                            0x08005606   Section        0  usenofp.o(x$fpl$usenofp)
    .constdata                               0x08005610   Section       17  __printf_flags_wp.o(.constdata)
    maptable                                 0x08005610   Data          17  __printf_flags_wp.o(.constdata)
    .data                                    0x20000000   Section       48  bldc.o(.data)
    .data                                    0x20000030   Section        2  setup.o(.data)
    .data                                    0x20000034   Section       16  it.o(.data)
    .data                                    0x20000044   Section        2  commsbluetooth.o(.data)
    sBluetoothRecord                         0x20000044   Data           1  commsbluetooth.o(.data)
    sUSARTBluetoothRecordBufferCounter       0x20000045   Data           1  commsbluetooth.o(.data)
    .data                                    0x20000046   Section       12  commsmasterslave.o(.data)
    sMasterSlaveRecord                       0x20000050   Data           1  commsmasterslave.o(.data)
    sUSARTMasterSlaveRecordBufferCounter     0x20000051   Data           1  commsmasterslave.o(.data)
    .data                                    0x20000052   Section       89  led.o(.data)
    su8BrightnessTable                       0x20000052   Data          64  led.o(.data)
    hueValue                                 0x20000098   Data           2  led.o(.data)
    saturationValue                          0x2000009a   Data           1  led.o(.data)
    brightnessValue                          0x2000009b   Data           1  led.o(.data)
    sLEDProgram                              0x2000009c   Data           1  led.o(.data)
    speedFading                              0x2000009e   Data           2  led.o(.data)
    speedBlink                               0x200000a0   Data           2  led.o(.data)
    speedStrobe                              0x200000a2   Data           2  led.o(.data)
    fadingCounter                            0x200000a4   Data           2  led.o(.data)
    blinkCounter                             0x200000a6   Data           2  led.o(.data)
    strobeCounter                            0x200000a8   Data           2  led.o(.data)
    strobeToggle                             0x200000aa   Data           1  led.o(.data)
    .data                                    0x200000ac   Section        4  system_gd32f1x0.o(.data)
    .bss                                     0x200000b0   Section      144  setup.o(.bss)
    .bss                                     0x20000140   Section       11  commsbluetooth.o(.bss)
    sUSARTBluetoothRecordBuffer              0x20000140   Data          11  commsbluetooth.o(.bss)
    .bss                                     0x2000014b   Section       10  commsmasterslave.o(.bss)
    sUSARTMasterSlaveRecordBuffer            0x2000014b   Data          10  commsmasterslave.o(.bss)
    .bss                                     0x20000158   Section       96  libspace.o(.bss)
    HEAP                                     0x200001b8   Section     1024  startup_gd32f1x0.o(HEAP)
    Heap_Mem                                 0x200001b8   Data        1024  startup_gd32f1x0.o(HEAP)
    STACK                                    0x200005b8   Section     1024  startup_gd32f1x0.o(STACK)
    Stack_Mem                                0x200005b8   Data        1024  startup_gd32f1x0.o(STACK)
    __initial_sp                             0x200009b8   Data           0  startup_gd32f1x0.o(STACK)

    Global Symbols

    Symbol Name                              Value     Ov Type        Size  Object(Section)

    BuildAttributes$$THM_ISAv4$P$D$K$B$S$PE$A:L22UL41UL21$X:L11$S22US41US21$IEEE1$IW$USESV6$~STKCKD$USESV7$~SHL$OSPACE$ROPI$EBA8$UX$STANDARDLIB$REQ8$PRES8$EABIv2 0x00000000   Number         0  anon$$obj.o ABSOLUTE
    __ARM_use_no_argv                        0x00000000   Number         0  main.o ABSOLUTE
    _printf_flags                            0x00000000   Number         0  printf_stubs.o ABSOLUTE
    _printf_return_value                     0x00000000   Number         0  printf_stubs.o ABSOLUTE
    _printf_sizespec                         0x00000000   Number         0  printf_stubs.o ABSOLUTE
    _printf_widthprec                        0x00000000   Number         0  printf_stubs.o ABSOLUTE
    __ARM_exceptions_init                     - Undefined Weak Reference
    __alloca_initialize                       - Undefined Weak Reference
    __arm_fini_                               - Undefined Weak Reference
    __arm_preinit_                            - Undefined Weak Reference
    __cpp_initialize__aeabi_                  - Undefined Weak Reference
    __cxa_finalize                            - Undefined Weak Reference
    __rt_locale                               - Undefined Weak Reference
    __sigvec_lookup                           - Undefined Weak Reference
    _atexit_init                              - Undefined Weak Reference
    _call_atexit_fns                          - Undefined Weak Reference
    _clock_init                               - Undefined Weak Reference
    _fp_trap_init                             - Undefined Weak Reference
    _fp_trap_shutdown                         - Undefined Weak Reference
    _get_lc_collate                           - Undefined Weak Reference
    _get_lc_ctype                             - Undefined Weak Reference
    _get_lc_monetary                          - Undefined Weak Reference
    _get_lc_numeric                           - Undefined Weak Reference
    _get_lc_time                              - Undefined Weak Reference
    _getenv_init                              - Undefined Weak Reference
    _handle_redirection                       - Undefined Weak Reference
    _init_alloc                               - Undefined Weak Reference
    _init_user_alloc                          - Undefined Weak Reference
    _initio                                   - Undefined Weak Reference
    _printf_truncate_signed                   - Undefined Weak Reference
    _printf_truncate_unsigned                 - Undefined Weak Reference
    _rand_init                                - Undefined Weak Reference
    _signal_finish                            - Undefined Weak Reference
    _signal_init                              - Undefined Weak Reference
    _terminate_alloc                          - Undefined Weak Reference
    _terminate_user_alloc                     - Undefined Weak Reference
    _terminateio                              - Undefined Weak Reference
    __Vectors_Size                           0x00000168   Number         0  startup_gd32f1x0.o ABSOLUTE
    __Vectors                                0x08000000   Data           4  startup_gd32f1x0.o(RESET)
    __Vectors_End                            0x08000168   Data           0  startup_gd32f1x0.o(RESET)
    __main                                   0x08000169   Thumb Code     8  __main.o(!!!main)
    __scatterload                            0x08000171   Thumb Code     0  __scatter.o(!!!scatter)
    __scatterload_rt2                        0x08000171   Thumb Code    44  __scatter.o(!!!scatter)
    __scatterload_rt2_thumb_only             0x08000171   Thumb Code     0  __scatter.o(!!!scatter)
    __scatterload_null                       0x0800017f   Thumb Code     0  __scatter.o(!!!scatter)
    __scatterload_copy                       0x080001a5   Thumb Code    26  __scatter_copy.o(!!handler_copy)
    __scatterload_zeroinit                   0x080001c1   Thumb Code    28  __scatter_zi.o(!!handler_zi)
    _printf_d                                0x080001dd   Thumb Code     0  _printf_d.o(.ARM.Collect$$_printf_percent$$00000009)
    _printf_percent                          0x080001dd   Thumb Code     0  _printf_percent.o(.ARM.Collect$$_printf_percent$$00000000)
    _printf_percent_end                      0x080001e3   Thumb Code     0  _printf_percent_end.o(.ARM.Collect$$_printf_percent$$00000017)
    __rt_lib_init                            0x080001e7   Thumb Code     0  libinit.o(.ARM.Collect$$libinit$$00000000)
    __rt_lib_init_alloca_1                   0x080001e9   Thumb Code     0  libinit2.o(.ARM.Collect$$libinit$$0000002E)
    __rt_lib_init_argv_1                     0x080001e9   Thumb Code     0  libinit2.o(.ARM.Collect$$libinit$$0000002C)
    __rt_lib_init_atexit_1                   0x080001e9   Thumb Code     0  libinit2.o(.ARM.Collect$$libinit$$0000001B)
    __rt_lib_init_clock_1                    0x080001e9   Thumb Code     0  libinit2.o(.ARM.Collect$$libinit$$00000021)
    __rt_lib_init_cpp_1                      0x080001e9   Thumb Code     0  libinit2.o(.ARM.Collect$$libinit$$00000032)
    __rt_lib_init_exceptions_1               0x080001e9   Thumb Code     0  libinit2.o(.ARM.Collect$$libinit$$00000030)
    __rt_lib_init_fp_1                       0x080001e9   Thumb Code     0  libinit2.o(.ARM.Collect$$libinit$$00000002)
    __rt_lib_init_fp_trap_1                  0x080001e9   Thumb Code     0  libinit2.o(.ARM.Collect$$libinit$$0000001F)
    __rt_lib_init_getenv_1                   0x080001e9   Thumb Code     0  libinit2.o(.ARM.Collect$$libinit$$00000023)
    __rt_lib_init_heap_1                     0x080001e9   Thumb Code     0  libinit2.o(.ARM.Collect$$libinit$$0000000A)
    __rt_lib_init_lc_collate_1               0x080001e9   Thumb Code     0  libinit2.o(.ARM.Collect$$libinit$$00000011)
    __rt_lib_init_lc_ctype_1                 0x080001e9   Thumb Code     0  libinit2.o(.ARM.Collect$$libinit$$00000013)
    __rt_lib_init_lc_monetary_1              0x080001e9   Thumb Code     0  libinit2.o(.ARM.Collect$$libinit$$00000015)
    __rt_lib_init_lc_numeric_1               0x080001e9   Thumb Code     0  libinit2.o(.ARM.Collect$$libinit$$00000017)
    __rt_lib_init_lc_time_1                  0x080001e9   Thumb Code     0  libinit2.o(.ARM.Collect$$libinit$$00000019)
    __rt_lib_init_preinit_1                  0x080001e9   Thumb Code     0  libinit2.o(.ARM.Collect$$libinit$$00000004)
    __rt_lib_init_rand_1                     0x080001e9   Thumb Code     0  libinit2.o(.ARM.Collect$$libinit$$0000000E)
    __rt_lib_init_return                     0x080001e9   Thumb Code     0  libinit2.o(.ARM.Collect$$libinit$$00000033)
    __rt_lib_init_signal_1                   0x080001e9   Thumb Code     0  libinit2.o(.ARM.Collect$$libinit$$0000001D)
    __rt_lib_init_stdio_1                    0x080001e9   Thumb Code     0  libinit2.o(.ARM.Collect$$libinit$$00000025)
    __rt_lib_init_user_alloc_1               0x080001e9   Thumb Code     0  libinit2.o(.ARM.Collect$$libinit$$0000000C)
    __rt_lib_shutdown                        0x080001eb   Thumb Code     0  libshutdown.o(.ARM.Collect$$libshutdown$$00000000)
    __rt_lib_shutdown_cpp_1                  0x080001ed   Thumb Code     0  libshutdown2.o(.ARM.Collect$$libshutdown$$00000004)
    __rt_lib_shutdown_fini_1                 0x080001ed   Thumb Code     0  libshutdown2.o(.ARM.Collect$$libshutdown$$00000002)
    __rt_lib_shutdown_fp_trap_1              0x080001ed   Thumb Code     0  libshutdown2.o(.ARM.Collect$$libshutdown$$00000009)
    __rt_lib_shutdown_heap_1                 0x080001ed   Thumb Code     0  libshutdown2.o(.ARM.Collect$$libshutdown$$00000011)
    __rt_lib_shutdown_return                 0x080001ed   Thumb Code     0  libshutdown2.o(.ARM.Collect$$libshutdown$$00000012)
    __rt_lib_shutdown_signal_1               0x080001ed   Thumb Code     0  libshutdown2.o(.ARM.Collect$$libshutdown$$0000000C)
    __rt_lib_shutdown_stdio_1                0x080001ed   Thumb Code     0  libshutdown2.o(.ARM.Collect$$libshutdown$$00000006)
    __rt_lib_shutdown_user_alloc_1           0x080001ed   Thumb Code     0  libshutdown2.o(.ARM.Collect$$libshutdown$$0000000E)
    __rt_entry                               0x080001ef   Thumb Code     0  __rtentry.o(.ARM.Collect$$rtentry$$00000000)
    __rt_entry_presh_1                       0x080001ef   Thumb Code     0  __rtentry2.o(.ARM.Collect$$rtentry$$00000002)
    __rt_entry_sh                            0x080001ef   Thumb Code     0  __rtentry4.o(.ARM.Collect$$rtentry$$00000004)
    __rt_entry_li                            0x080001f5   Thumb Code     0  __rtentry2.o(.ARM.Collect$$rtentry$$0000000A)
    __rt_entry_postsh_1                      0x080001f5   Thumb Code     0  __rtentry2.o(.ARM.Collect$$rtentry$$00000009)
    __rt_entry_main                          0x080001f9   Thumb Code     0  __rtentry2.o(.ARM.Collect$$rtentry$$0000000D)
    __rt_entry_postli_1                      0x080001f9   Thumb Code     0  __rtentry2.o(.ARM.Collect$$rtentry$$0000000C)
    __rt_exit                                0x08000201   Thumb Code     0  rtexit.o(.ARM.Collect$$rtexit$$00000000)
    __rt_exit_ls                             0x08000203   Thumb Code     0  rtexit2.o(.ARM.Collect$$rtexit$$00000003)
    __rt_exit_prels_1                        0x08000203   Thumb Code     0  rtexit2.o(.ARM.Collect$$rtexit$$00000002)
    __rt_exit_exit                           0x08000207   Thumb Code     0  rtexit2.o(.ARM.Collect$$rtexit$$00000004)
    main                                     0x0800020d   Thumb Code   146  main.o(.text)
    SetEnable                                0x080002b1   Thumb Code     6  bldc.o(.text)
    SetPWM                                   0x080002b7   Thumb Code    30  bldc.o(.text)
    CalculateBLDC                            0x080002d5   Thumb Code   674  bldc.o(.text)
    Interrupt_init                           0x080005f9   Thumb Code    12  setup.o(.text)
    Watchdog_init                            0x08000605   Thumb Code    54  setup.o(.text)
    TimeoutTimer_init                        0x0800063b   Thumb Code    80  setup.o(.text)
    GPIO_init                                0x0800068b   Thumb Code   780  setup.o(.text)
    PWM_init                                 0x08000997   Thumb Code   386  setup.o(.text)
    ADC_init                                 0x08000b19   Thumb Code   208  setup.o(.text)
    USART_MasterSlave_init                   0x08000be9   Thumb Code   188  setup.o(.text)
    USART_Steer_COM_init                     0x08000ca5   Thumb Code   188  setup.o(.text)
    SysTick_Handler                          0x08000d8d   Thumb Code    12  it.o(.text)
    ResetTimeout                             0x08000d99   Thumb Code     8  it.o(.text)
    TIMER13_IRQHandler                       0x08000da1   Thumb Code   100  it.o(.text)
    TIMER0_BRK_UP_TRG_COM_IRQHandler         0x08000e05   Thumb Code    18  it.o(.text)
    DMA_Channel0_IRQHandler                  0x08000e17   Thumb Code    30  it.o(.text)
    DMA_Channel1_2_IRQHandler                0x08000e35   Thumb Code    26  it.o(.text)
    DMA_Channel3_4_IRQHandler                0x08000e4f   Thumb Code    26  it.o(.text)
    millis                                   0x08000e69   Thumb Code     6  it.o(.text)
    Delay                                    0x08000e6f   Thumb Code    20  it.o(.text)
    NMI_Handler                              0x08000e83   Thumb Code     2  it.o(.text)
    HardFault_Handler                        0x08000e85   Thumb Code     4  it.o(.text)
    MemManage_Handler                        0x08000e89   Thumb Code     4  it.o(.text)
    BusFault_Handler                         0x08000e8d   Thumb Code     4  it.o(.text)
    UsageFault_Handler                       0x08000e91   Thumb Code     4  it.o(.text)
    SVC_Handler                              0x08000e95   Thumb Code     2  it.o(.text)
    DebugMon_Handler                         0x08000e97   Thumb Code     2  it.o(.text)
    PendSV_Handler                           0x08000e99   Thumb Code     2  it.o(.text)
    SendBuffer                               0x08000eb5   Thumb Code    50  comms.o(.text)
    CalcCRC                                  0x08000ee7   Thumb Code    62  comms.o(.text)
    SendBluetoothDevice                      0x08000f25   Thumb Code   158  commsbluetooth.o(.text)
    CheckUSARTBluetoothInput                 0x08000fc3   Thumb Code   518  commsbluetooth.o(.text)
    UpdateUSARTBluetoothInput                0x080011c9   Thumb Code    70  commsbluetooth.o(.text)
    SendMaster                               0x08001245   Thumb Code   122  commsmasterslave.o(.text)
    CheckGeneralValue                        0x080012bf   Thumb Code    42  commsmasterslave.o(.text)
    CheckUSARTMasterSlaveInput               0x080012e9   Thumb Code   242  commsmasterslave.o(.text)
    UpdateUSARTMasterSlaveInput              0x080013db   Thumb Code    70  commsmasterslave.o(.text)
    GetCurrentDCMaster                       0x08001421   Thumb Code     8  commsmasterslave.o(.text)
    GetBatteryMaster                         0x08001429   Thumb Code     8  commsmasterslave.o(.text)
    GetRealSpeedMaster                       0x08001431   Thumb Code     8  commsmasterslave.o(.text)
    SetUpperLEDMaster                        0x08001439   Thumb Code     6  commsmasterslave.o(.text)
    GetUpperLEDMaster                        0x0800143f   Thumb Code     6  commsmasterslave.o(.text)
    SetLowerLEDMaster                        0x08001445   Thumb Code     6  commsmasterslave.o(.text)
    GetLowerLEDMaster                        0x0800144b   Thumb Code     6  commsmasterslave.o(.text)
    SetMosfetOutMaster                       0x08001451   Thumb Code     6  commsmasterslave.o(.text)
    GetMosfetOutMaster                       0x08001457   Thumb Code     6  commsmasterslave.o(.text)
    SetBeepsBackwardsMaster                  0x0800145d   Thumb Code     6  commsmasterslave.o(.text)
    GetBeepsBackwardsMaster                  0x08001463   Thumb Code     6  commsmasterslave.o(.text)
    CalculateLEDPWM                          0x0800149d   Thumb Code   122  led.o(.text)
    HSBtoBlue                                0x08001517   Thumb Code    72  led.o(.text)
    HSBtoGreen                               0x0800155f   Thumb Code    72  led.o(.text)
    HSBtoRed                                 0x080015a7   Thumb Code    74  led.o(.text)
    SetHSBBrightness                         0x080015f1   Thumb Code    94  led.o(.text)
    GetSpeedStrobe                           0x0800164f   Thumb Code     6  led.o(.text)
    GetRGBProgram                            0x08001655   Thumb Code     6  led.o(.text)
    GetHSBHue                                0x0800165b   Thumb Code     6  led.o(.text)
    SetHSBHue                                0x08001661   Thumb Code   100  led.o(.text)
    GetSpeedBlink                            0x080016c5   Thumb Code     6  led.o(.text)
    GetSpeedFading                           0x080016cb   Thumb Code     6  led.o(.text)
    CalculateLEDProgram                      0x080016d1   Thumb Code   172  led.o(.text)
    SetHSBSaturation                         0x0800177d   Thumb Code    96  led.o(.text)
    SetRGBProgram                            0x080017dd   Thumb Code    82  led.o(.text)
    GetHSBSaturation                         0x0800182f   Thumb Code     6  led.o(.text)
    GetHSBBrightness                         0x08001835   Thumb Code     6  led.o(.text)
    SetSpeedFading                           0x0800183b   Thumb Code    28  led.o(.text)
    SetSpeedBlink                            0x08001857   Thumb Code    32  led.o(.text)
    SetSpeedStrobe                           0x08001877   Thumb Code   110  led.o(.text)
    adc_deinit                               0x080018e9   Thumb Code    20  gd32f1x0_adc.o(.text)
    adc_enable                               0x080018fd   Thumb Code    24  gd32f1x0_adc.o(.text)
    adc_disable                              0x08001915   Thumb Code    14  gd32f1x0_adc.o(.text)
    adc_calibration_enable                   0x08001923   Thumb Code    54  gd32f1x0_adc.o(.text)
    adc_dma_mode_enable                      0x08001959   Thumb Code    14  gd32f1x0_adc.o(.text)
    adc_dma_mode_disable                     0x08001967   Thumb Code    14  gd32f1x0_adc.o(.text)
    adc_tempsensor_vrefint_enable            0x08001975   Thumb Code    14  gd32f1x0_adc.o(.text)
    adc_tempsensor_vrefint_disable           0x08001983   Thumb Code    14  gd32f1x0_adc.o(.text)
    adc_vbat_enable                          0x08001991   Thumb Code    14  gd32f1x0_adc.o(.text)
    adc_vbat_disable                         0x0800199f   Thumb Code    14  gd32f1x0_adc.o(.text)
    adc_discontinuous_mode_config            0x080019ad   Thumb Code   108  gd32f1x0_adc.o(.text)
    adc_special_function_config              0x08001a19   Thumb Code   130  gd32f1x0_adc.o(.text)
    adc_data_alignment_config                0x08001a9b   Thumb Code    30  gd32f1x0_adc.o(.text)
    adc_channel_length_config                0x08001ab9   Thumb Code    98  gd32f1x0_adc.o(.text)
    adc_regular_channel_config               0x08001b1b   Thumb Code   218  gd32f1x0_adc.o(.text)
    adc_inserted_channel_config              0x08001bf5   Thumb Code   142  gd32f1x0_adc.o(.text)
    adc_inserted_channel_offset_config       0x08001c83   Thumb Code    42  gd32f1x0_adc.o(.text)
    adc_external_trigger_config              0x08001cad   Thumb Code    88  gd32f1x0_adc.o(.text)
    adc_external_trigger_source_config       0x08001d05   Thumb Code    60  gd32f1x0_adc.o(.text)
    adc_software_trigger_enable              0x08001d41   Thumb Code    38  gd32f1x0_adc.o(.text)
    adc_regular_data_read                    0x08001d67   Thumb Code    10  gd32f1x0_adc.o(.text)
    adc_inserted_data_read                   0x08001d71   Thumb Code    60  gd32f1x0_adc.o(.text)
    adc_flag_get                             0x08001dad   Thumb Code    18  gd32f1x0_adc.o(.text)
    adc_flag_clear                           0x08001dbf   Thumb Code    16  gd32f1x0_adc.o(.text)
    adc_interrupt_flag_get                   0x08001dcf   Thumb Code   108  gd32f1x0_adc.o(.text)
    adc_interrupt_flag_clear                 0x08001e3b   Thumb Code    16  gd32f1x0_adc.o(.text)
    adc_interrupt_enable                     0x08001e4b   Thumb Code    68  gd32f1x0_adc.o(.text)
    adc_interrupt_disable                    0x08001e8f   Thumb Code    68  gd32f1x0_adc.o(.text)
    adc_watchdog_single_channel_enable       0x08001ed3   Thumb Code    40  gd32f1x0_adc.o(.text)
    adc_watchdog_group_channel_enable        0x08001efb   Thumb Code    92  gd32f1x0_adc.o(.text)
    adc_watchdog_disable                     0x08001f57   Thumb Code    18  gd32f1x0_adc.o(.text)
    adc_watchdog_threshold_config            0x08001f69   Thumb Code    20  gd32f1x0_adc.o(.text)
    dma_deinit                               0x08001f89   Thumb Code    88  gd32f1x0_dma.o(.text)
    dma_struct_para_init                     0x08001fe1   Thumb Code    30  gd32f1x0_dma.o(.text)
    dma_init                                 0x08001fff   Thumb Code   264  gd32f1x0_dma.o(.text)
    dma_circulation_enable                   0x08002107   Thumb Code    30  gd32f1x0_dma.o(.text)
    dma_circulation_disable                  0x08002125   Thumb Code    30  gd32f1x0_dma.o(.text)
    dma_memory_to_memory_enable              0x08002143   Thumb Code    30  gd32f1x0_dma.o(.text)
    dma_memory_to_memory_disable             0x08002161   Thumb Code    30  gd32f1x0_dma.o(.text)
    dma_channel_enable                       0x0800217f   Thumb Code    30  gd32f1x0_dma.o(.text)
    dma_channel_disable                      0x0800219d   Thumb Code    30  gd32f1x0_dma.o(.text)
    dma_periph_address_config                0x080021bb   Thumb Code    14  gd32f1x0_dma.o(.text)
    dma_memory_address_config                0x080021c9   Thumb Code    14  gd32f1x0_dma.o(.text)
    dma_transfer_number_config               0x080021d7   Thumb Code    14  gd32f1x0_dma.o(.text)
    dma_transfer_number_get                  0x080021e5   Thumb Code    16  gd32f1x0_dma.o(.text)
    dma_priority_config                      0x080021f5   Thumb Code    34  gd32f1x0_dma.o(.text)
    dma_memory_width_config                  0x08002217   Thumb Code    34  gd32f1x0_dma.o(.text)
    dma_periph_width_config                  0x08002239   Thumb Code    34  gd32f1x0_dma.o(.text)
    dma_memory_increase_enable               0x0800225b   Thumb Code    30  gd32f1x0_dma.o(.text)
    dma_memory_increase_disable              0x08002279   Thumb Code    30  gd32f1x0_dma.o(.text)
    dma_periph_increase_enable               0x08002297   Thumb Code    30  gd32f1x0_dma.o(.text)
    dma_periph_increase_disable              0x080022b5   Thumb Code    30  gd32f1x0_dma.o(.text)
    dma_transfer_direction_config            0x080022d3   Thumb Code    64  gd32f1x0_dma.o(.text)
    dma_interrupt_flag_get                   0x08002313   Thumb Code   196  gd32f1x0_dma.o(.text)
    dma_interrupt_flag_clear                 0x080023d7   Thumb Code    18  gd32f1x0_dma.o(.text)
    dma_interrupt_enable                     0x080023e9   Thumb Code    30  gd32f1x0_dma.o(.text)
    dma_interrupt_disable                    0x08002407   Thumb Code    30  gd32f1x0_dma.o(.text)
    dma_flag_get                             0x08002425   Thumb Code    26  gd32f1x0_dma.o(.text)
    dma_flag_clear                           0x0800243f   Thumb Code    18  gd32f1x0_dma.o(.text)
    fwdgt_write_disable                      0x08002455   Thumb Code     8  gd32f1x0_fwdgt.o(.text)
    fwdgt_counter_reload                     0x0800245d   Thumb Code    10  gd32f1x0_fwdgt.o(.text)
    fwdgt_enable                             0x08002467   Thumb Code    10  gd32f1x0_fwdgt.o(.text)
    fwdgt_window_value_config                0x08002471   Thumb Code    54  gd32f1x0_fwdgt.o(.text)
    fwdgt_config                             0x080024a7   Thumb Code    94  gd32f1x0_fwdgt.o(.text)
    fwdgt_flag_get                           0x08002505   Thumb Code    18  gd32f1x0_fwdgt.o(.text)
    gpio_deinit                              0x08002521   Thumb Code   140  gd32f1x0_gpio.o(.text)
    gpio_mode_set                            0x080025ad   Thumb Code    78  gd32f1x0_gpio.o(.text)
    gpio_output_options_set                  0x080025fb   Thumb Code    66  gd32f1x0_gpio.o(.text)
    gpio_bit_set                             0x0800263d   Thumb Code     4  gd32f1x0_gpio.o(.text)
    gpio_bit_reset                           0x08002641   Thumb Code     4  gd32f1x0_gpio.o(.text)
    gpio_bit_write                           0x08002645   Thumb Code    10  gd32f1x0_gpio.o(.text)
    gpio_port_write                          0x0800264f   Thumb Code     4  gd32f1x0_gpio.o(.text)
    gpio_input_bit_get                       0x08002653   Thumb Code    16  gd32f1x0_gpio.o(.text)
    gpio_input_port_get                      0x08002663   Thumb Code     8  gd32f1x0_gpio.o(.text)
    gpio_output_bit_get                      0x0800266b   Thumb Code    16  gd32f1x0_gpio.o(.text)
    gpio_output_port_get                     0x0800267b   Thumb Code     8  gd32f1x0_gpio.o(.text)
    gpio_af_set                              0x08002683   Thumb Code    94  gd32f1x0_gpio.o(.text)
    gpio_pin_lock                            0x080026e1   Thumb Code    18  gd32f1x0_gpio.o(.text)
    nvic_priority_group_set                  0x080026fd   Thumb Code    10  gd32f1x0_misc.o(.text)
    nvic_irq_enable                          0x08002707   Thumb Code   156  gd32f1x0_misc.o(.text)
    nvic_irq_disable                         0x080027a3   Thumb Code    18  gd32f1x0_misc.o(.text)
    nvic_vector_table_set                    0x080027b5   Thumb Code    14  gd32f1x0_misc.o(.text)
    system_lowpower_set                      0x080027c3   Thumb Code    16  gd32f1x0_misc.o(.text)
    system_lowpower_reset                    0x080027d3   Thumb Code    16  gd32f1x0_misc.o(.text)
    systick_clksource_set                    0x080027e3   Thumb Code    40  gd32f1x0_misc.o(.text)
    rcu_deinit                               0x08002821   Thumb Code   112  gd32f1x0_rcu.o(.text)
    rcu_periph_clock_enable                  0x08002891   Thumb Code    28  gd32f1x0_rcu.o(.text)
    rcu_periph_clock_disable                 0x080028ad   Thumb Code    28  gd32f1x0_rcu.o(.text)
    rcu_periph_clock_sleep_enable            0x080028c9   Thumb Code    28  gd32f1x0_rcu.o(.text)
    rcu_periph_clock_sleep_disable           0x080028e5   Thumb Code    28  gd32f1x0_rcu.o(.text)
    rcu_periph_reset_enable                  0x08002901   Thumb Code    28  gd32f1x0_rcu.o(.text)
    rcu_periph_reset_disable                 0x0800291d   Thumb Code    28  gd32f1x0_rcu.o(.text)
    rcu_bkp_reset_enable                     0x08002939   Thumb Code    14  gd32f1x0_rcu.o(.text)
    rcu_bkp_reset_disable                    0x08002947   Thumb Code    14  gd32f1x0_rcu.o(.text)
    rcu_system_clock_source_config           0x08002955   Thumb Code    22  gd32f1x0_rcu.o(.text)
    rcu_system_clock_source_get              0x0800296b   Thumb Code    10  gd32f1x0_rcu.o(.text)
    rcu_ahb_clock_config                     0x08002975   Thumb Code    22  gd32f1x0_rcu.o(.text)
    rcu_apb1_clock_config                    0x0800298b   Thumb Code    22  gd32f1x0_rcu.o(.text)
    rcu_apb2_clock_config                    0x080029a1   Thumb Code    22  gd32f1x0_rcu.o(.text)
    rcu_adc_clock_config                     0x080029b7   Thumb Code   148  gd32f1x0_rcu.o(.text)
    rcu_usbd_clock_config                    0x08002a4b   Thumb Code    22  gd32f1x0_rcu.o(.text)
    rcu_ckout_config                         0x08002a61   Thumb Code    24  gd32f1x0_rcu.o(.text)
    rcu_pll_config                           0x08002a79   Thumb Code    28  gd32f1x0_rcu.o(.text)
    rcu_usart_clock_config                   0x08002a95   Thumb Code    22  gd32f1x0_rcu.o(.text)
    rcu_cec_clock_config                     0x08002aab   Thumb Code    22  gd32f1x0_rcu.o(.text)
    rcu_rtc_clock_config                     0x08002ac1   Thumb Code    22  gd32f1x0_rcu.o(.text)
    rcu_hxtal_prediv_config                  0x08002ad7   Thumb Code    20  gd32f1x0_rcu.o(.text)
    rcu_lxtal_drive_capability_config        0x08002aeb   Thumb Code    22  gd32f1x0_rcu.o(.text)
    rcu_flag_get                             0x08002b01   Thumb Code    30  gd32f1x0_rcu.o(.text)
    rcu_all_reset_flag_clear                 0x08002b1f   Thumb Code    14  gd32f1x0_rcu.o(.text)
    rcu_interrupt_flag_get                   0x08002b2d   Thumb Code    18  gd32f1x0_rcu.o(.text)
    rcu_interrupt_flag_clear                 0x08002b3f   Thumb Code    12  gd32f1x0_rcu.o(.text)
    rcu_interrupt_enable                     0x08002b4b   Thumb Code    12  gd32f1x0_rcu.o(.text)
    rcu_interrupt_disable                    0x08002b57   Thumb Code    12  gd32f1x0_rcu.o(.text)
    rcu_osci_stab_wait                       0x08002b63   Thumb Code   284  gd32f1x0_rcu.o(.text)
    rcu_osci_on                              0x08002c7f   Thumb Code    28  gd32f1x0_rcu.o(.text)
    rcu_osci_off                             0x08002c9b   Thumb Code    28  gd32f1x0_rcu.o(.text)
    rcu_osci_bypass_mode_enable              0x08002cb7   Thumb Code    94  gd32f1x0_rcu.o(.text)
    rcu_osci_bypass_mode_disable             0x08002d15   Thumb Code    94  gd32f1x0_rcu.o(.text)
    rcu_hxtal_clock_monitor_enable           0x08002d73   Thumb Code    14  gd32f1x0_rcu.o(.text)
    rcu_hxtal_clock_monitor_disable          0x08002d81   Thumb Code    14  gd32f1x0_rcu.o(.text)
    rcu_irc8m_adjust_value_set               0x08002d8f   Thumb Code    20  gd32f1x0_rcu.o(.text)
    rcu_irc14m_adjust_value_set              0x08002da3   Thumb Code    20  gd32f1x0_rcu.o(.text)
    rcu_voltage_key_unlock                   0x08002db7   Thumb Code    28  gd32f1x0_rcu.o(.text)
    rcu_deepsleep_voltage_set                0x08002dd3   Thumb Code    30  gd32f1x0_rcu.o(.text)
    rcu_power_down_voltage_set               0x08002df1   Thumb Code    30  gd32f1x0_rcu.o(.text)
    rcu_clock_freq_get                       0x08002e0f   Thumb Code   690  gd32f1x0_rcu.o(.text)
    timer_deinit                             0x080030c9   Thumb Code   210  gd32f1x0_timer.o(.text)
    timer_struct_para_init                   0x0800319b   Thumb Code    22  gd32f1x0_timer.o(.text)
    timer_init                               0x080031b1   Thumb Code   150  gd32f1x0_timer.o(.text)
    timer_enable                             0x08003247   Thumb Code    10  gd32f1x0_timer.o(.text)
    timer_disable                            0x08003251   Thumb Code    10  gd32f1x0_timer.o(.text)
    timer_auto_reload_shadow_enable          0x0800325b   Thumb Code    10  gd32f1x0_timer.o(.text)
    timer_auto_reload_shadow_disable         0x08003265   Thumb Code    10  gd32f1x0_timer.o(.text)
    timer_update_event_enable                0x0800326f   Thumb Code    10  gd32f1x0_timer.o(.text)
    timer_update_event_disable               0x08003279   Thumb Code    10  gd32f1x0_timer.o(.text)
    timer_counter_alignment                  0x08003283   Thumb Code    16  gd32f1x0_timer.o(.text)
    timer_counter_up_direction               0x08003293   Thumb Code    10  gd32f1x0_timer.o(.text)
    timer_counter_down_direction             0x0800329d   Thumb Code    10  gd32f1x0_timer.o(.text)
    timer_prescaler_config                   0x080032a7   Thumb Code    14  gd32f1x0_timer.o(.text)
    timer_repetition_value_config            0x080032b5   Thumb Code     4  gd32f1x0_timer.o(.text)
    timer_autoreload_value_config            0x080032b9   Thumb Code     4  gd32f1x0_timer.o(.text)
    timer_counter_value_config               0x080032bd   Thumb Code     4  gd32f1x0_timer.o(.text)
    timer_counter_read                       0x080032c1   Thumb Code     8  gd32f1x0_timer.o(.text)
    timer_prescaler_read                     0x080032c9   Thumb Code    10  gd32f1x0_timer.o(.text)
    timer_single_pulse_mode_config           0x080032d3   Thumb Code    26  gd32f1x0_timer.o(.text)
    timer_update_source_config               0x080032ed   Thumb Code    26  gd32f1x0_timer.o(.text)
    timer_ocpre_clear_source_config          0x08003307   Thumb Code    26  gd32f1x0_timer.o(.text)
    timer_interrupt_enable                   0x08003321   Thumb Code     8  gd32f1x0_timer.o(.text)
    timer_interrupt_disable                  0x08003329   Thumb Code     8  gd32f1x0_timer.o(.text)
    timer_interrupt_flag_get                 0x08003331   Thumb Code    24  gd32f1x0_timer.o(.text)
    timer_interrupt_flag_clear               0x08003349   Thumb Code     6  gd32f1x0_timer.o(.text)
    timer_flag_get                           0x0800334f   Thumb Code    16  gd32f1x0_timer.o(.text)
    timer_flag_clear                         0x0800335f   Thumb Code     6  gd32f1x0_timer.o(.text)
    timer_dma_enable                         0x08003365   Thumb Code     8  gd32f1x0_timer.o(.text)
    timer_dma_disable                        0x0800336d   Thumb Code     8  gd32f1x0_timer.o(.text)
    timer_channel_dma_request_source_select  0x08003375   Thumb Code    26  gd32f1x0_timer.o(.text)
    timer_dma_transfer_config                0x0800338f   Thumb Code    24  gd32f1x0_timer.o(.text)
    timer_event_software_generate            0x080033a7   Thumb Code     8  gd32f1x0_timer.o(.text)
    timer_break_struct_para_init             0x080033af   Thumb Code    18  gd32f1x0_timer.o(.text)
    timer_break_config                       0x080033c1   Thumb Code    30  gd32f1x0_timer.o(.text)
    timer_break_enable                       0x080033df   Thumb Code    10  gd32f1x0_timer.o(.text)
    timer_break_disable                      0x080033e9   Thumb Code    10  gd32f1x0_timer.o(.text)
    timer_automatic_output_enable            0x080033f3   Thumb Code    10  gd32f1x0_timer.o(.text)
    timer_automatic_output_disable           0x080033fd   Thumb Code    10  gd32f1x0_timer.o(.text)
    timer_primary_output_config              0x08003407   Thumb Code    24  gd32f1x0_timer.o(.text)
    timer_channel_control_shadow_config      0x0800341f   Thumb Code    24  gd32f1x0_timer.o(.text)
    timer_channel_control_shadow_update_config 0x08003437   Thumb Code    26  gd32f1x0_timer.o(.text)
    timer_channel_output_struct_para_init    0x08003451   Thumb Code    16  gd32f1x0_timer.o(.text)
    timer_channel_output_config              0x08003461   Thumb Code   530  gd32f1x0_timer.o(.text)
    timer_channel_output_mode_config         0x08003673   Thumb Code    90  gd32f1x0_timer.o(.text)
    timer_channel_output_pulse_value_config  0x080036cd   Thumb Code    38  gd32f1x0_timer.o(.text)
    timer_channel_output_shadow_config       0x080036f3   Thumb Code    90  gd32f1x0_timer.o(.text)
    timer_channel_output_fast_config         0x0800374d   Thumb Code    90  gd32f1x0_timer.o(.text)
    timer_channel_output_clear_config        0x080037a7   Thumb Code    90  gd32f1x0_timer.o(.text)
    timer_channel_output_polarity_config     0x08003801   Thumb Code    92  gd32f1x0_timer.o(.text)
    timer_channel_complementary_output_polarity_config 0x0800385d   Thumb Code    92  gd32f1x0_timer.o(.text)
    timer_channel_output_state_config        0x080038b9   Thumb Code    92  gd32f1x0_timer.o(.text)
    timer_channel_complementary_output_state_config 0x08003915   Thumb Code    78  gd32f1x0_timer.o(.text)
    timer_channel_input_struct_para_init     0x08003963   Thumb Code    16  gd32f1x0_timer.o(.text)
    timer_channel_input_capture_prescaler_config 0x08003973   Thumb Code    90  gd32f1x0_timer.o(.text)
    timer_input_capture_config               0x080039cd   Thumb Code   326  gd32f1x0_timer.o(.text)
    timer_channel_capture_value_register_read 0x08003b13   Thumb Code    42  gd32f1x0_timer.o(.text)
    timer_input_pwm_capture_config           0x08003b3d   Thumb Code   356  gd32f1x0_timer.o(.text)
    timer_hall_mode_config                   0x08003ca1   Thumb Code    26  gd32f1x0_timer.o(.text)
    timer_input_trigger_source_select        0x08003cbb   Thumb Code    16  gd32f1x0_timer.o(.text)
    timer_master_output_trigger_source_select 0x08003ccb   Thumb Code    16  gd32f1x0_timer.o(.text)
    timer_slave_mode_select                  0x08003cdb   Thumb Code    16  gd32f1x0_timer.o(.text)
    timer_master_slave_mode_config           0x08003ceb   Thumb Code    26  gd32f1x0_timer.o(.text)
    timer_external_trigger_config            0x08003d05   Thumb Code    30  gd32f1x0_timer.o(.text)
    timer_quadrature_decoder_mode_config     0x08003d23   Thumb Code    64  gd32f1x0_timer.o(.text)
    timer_internal_clock_config              0x08003d63   Thumb Code    10  gd32f1x0_timer.o(.text)
    timer_internal_trigger_as_external_clock_config 0x08003d6d   Thumb Code    32  gd32f1x0_timer.o(.text)
    timer_external_trigger_as_external_clock_config 0x08003d8d   Thumb Code   166  gd32f1x0_timer.o(.text)
    timer_external_clock_mode0_config        0x08003e33   Thumb Code    40  gd32f1x0_timer.o(.text)
    timer_external_clock_mode1_config        0x08003e5b   Thumb Code    32  gd32f1x0_timer.o(.text)
    timer_external_clock_mode1_disable       0x08003e7b   Thumb Code    10  gd32f1x0_timer.o(.text)
    timer_channel_remap_config               0x08003e85   Thumb Code     4  gd32f1x0_timer.o(.text)
    usart_deinit                             0x08003e89   Thumb Code    58  gd32f1x0_usart.o(.text)
    usart_baudrate_set                       0x08003ec3   Thumb Code   120  gd32f1x0_usart.o(.text)
    usart_parity_config                      0x08003f3b   Thumb Code    24  gd32f1x0_usart.o(.text)
    usart_word_length_set                    0x08003f53   Thumb Code    24  gd32f1x0_usart.o(.text)
    usart_stop_bit_set                       0x08003f6b   Thumb Code    24  gd32f1x0_usart.o(.text)
    usart_enable                             0x08003f83   Thumb Code    10  gd32f1x0_usart.o(.text)
    usart_disable                            0x08003f8d   Thumb Code    10  gd32f1x0_usart.o(.text)
    usart_transmit_config                    0x08003f97   Thumb Code    16  gd32f1x0_usart.o(.text)
    usart_receive_config                     0x08003fa7   Thumb Code    16  gd32f1x0_usart.o(.text)
    usart_data_transmit                      0x08003fb7   Thumb Code     8  gd32f1x0_usart.o(.text)
    usart_data_receive                       0x08003fbf   Thumb Code    10  gd32f1x0_usart.o(.text)
    usart_data_first_config                  0x08003fc9   Thumb Code    28  gd32f1x0_usart.o(.text)
    usart_invert_config                      0x08003fe5   Thumb Code   110  gd32f1x0_usart.o(.text)
    usart_overrun_enable                     0x08004053   Thumb Code    18  gd32f1x0_usart.o(.text)
    usart_overrun_disable                    0x08004065   Thumb Code    18  gd32f1x0_usart.o(.text)
    usart_oversample_config                  0x08004077   Thumb Code    24  gd32f1x0_usart.o(.text)
    usart_sample_bit_config                  0x0800408f   Thumb Code    24  gd32f1x0_usart.o(.text)
    usart_autobaud_detection_enable          0x080040a7   Thumb Code    10  gd32f1x0_usart.o(.text)
    usart_autobaud_detection_disable         0x080040b1   Thumb Code    10  gd32f1x0_usart.o(.text)
    usart_autobaud_detection_mode_config     0x080040bb   Thumb Code    16  gd32f1x0_usart.o(.text)
    usart_mute_mode_enable                   0x080040cb   Thumb Code    10  gd32f1x0_usart.o(.text)
    usart_mute_mode_disable                  0x080040d5   Thumb Code    10  gd32f1x0_usart.o(.text)
    usart_mute_mode_wakeup_config            0x080040df   Thumb Code    24  gd32f1x0_usart.o(.text)
    usart_address_detection_mode_config      0x080040f7   Thumb Code    28  gd32f1x0_usart.o(.text)
    usart_address_config                     0x08004113   Thumb Code    32  gd32f1x0_usart.o(.text)
    usart_receiver_timeout_enable            0x08004133   Thumb Code    10  gd32f1x0_usart.o(.text)
    usart_receiver_timeout_disable           0x0800413d   Thumb Code    10  gd32f1x0_usart.o(.text)
    usart_receiver_timeout_config            0x08004147   Thumb Code    16  gd32f1x0_usart.o(.text)
    usart_lin_mode_enable                    0x08004157   Thumb Code    18  gd32f1x0_usart.o(.text)
    usart_lin_mode_disable                   0x08004169   Thumb Code    18  gd32f1x0_usart.o(.text)
    usart_lin_break_detection_length_config  0x0800417b   Thumb Code    20  gd32f1x0_usart.o(.text)
    usart_halfduplex_enable                  0x0800418f   Thumb Code    18  gd32f1x0_usart.o(.text)
    usart_halfduplex_disable                 0x080041a1   Thumb Code    18  gd32f1x0_usart.o(.text)
    usart_clock_enable                       0x080041b3   Thumb Code    18  gd32f1x0_usart.o(.text)
    usart_clock_disable                      0x080041c5   Thumb Code    18  gd32f1x0_usart.o(.text)
    usart_synchronous_clock_config           0x080041d7   Thumb Code    50  gd32f1x0_usart.o(.text)
    usart_smartcard_mode_enable              0x08004209   Thumb Code    18  gd32f1x0_usart.o(.text)
    usart_smartcard_mode_disable             0x0800421b   Thumb Code    18  gd32f1x0_usart.o(.text)
    usart_smartcard_mode_nack_enable         0x0800422d   Thumb Code    18  gd32f1x0_usart.o(.text)
    usart_smartcard_mode_nack_disable        0x0800423f   Thumb Code    18  gd32f1x0_usart.o(.text)
    usart_guard_time_config                  0x08004251   Thumb Code    36  gd32f1x0_usart.o(.text)
    usart_block_length_config                0x08004275   Thumb Code    24  gd32f1x0_usart.o(.text)
    usart_smartcard_autoretry_config         0x0800428d   Thumb Code    32  gd32f1x0_usart.o(.text)
    usart_irda_mode_enable                   0x080042ad   Thumb Code    18  gd32f1x0_usart.o(.text)
    usart_irda_mode_disable                  0x080042bf   Thumb Code    18  gd32f1x0_usart.o(.text)
    usart_irda_lowpower_config               0x080042d1   Thumb Code    20  gd32f1x0_usart.o(.text)
    usart_prescaler_config                   0x080042e5   Thumb Code    24  gd32f1x0_usart.o(.text)
    usart_hardware_flow_rts_config           0x080042fd   Thumb Code    24  gd32f1x0_usart.o(.text)
    usart_hardware_flow_cts_config           0x08004315   Thumb Code    24  gd32f1x0_usart.o(.text)
    usart_rs485_driver_enable                0x0800432d   Thumb Code    18  gd32f1x0_usart.o(.text)
    usart_rs485_driver_disable               0x0800433f   Thumb Code    18  gd32f1x0_usart.o(.text)
    usart_driver_assertime_config            0x08004351   Thumb Code    32  gd32f1x0_usart.o(.text)
    usart_driver_deassertime_config          0x08004371   Thumb Code    32  gd32f1x0_usart.o(.text)
    usart_depolarity_config                  0x08004391   Thumb Code    28  gd32f1x0_usart.o(.text)
    usart_dma_receive_config                 0x080043ad   Thumb Code    16  gd32f1x0_usart.o(.text)
    usart_dma_transmit_config                0x080043bd   Thumb Code    16  gd32f1x0_usart.o(.text)
    usart_reception_error_dma_disable        0x080043cd   Thumb Code    18  gd32f1x0_usart.o(.text)
    usart_reception_error_dma_enable         0x080043df   Thumb Code    18  gd32f1x0_usart.o(.text)
    usart_wakeup_enable                      0x080043f1   Thumb Code    10  gd32f1x0_usart.o(.text)
    usart_wakeup_disable                     0x080043fb   Thumb Code    10  gd32f1x0_usart.o(.text)
    usart_wakeup_mode_config                 0x08004405   Thumb Code    28  gd32f1x0_usart.o(.text)
    usart_flag_get                           0x08004421   Thumb Code    30  gd32f1x0_usart.o(.text)
    usart_flag_clear                         0x0800443f   Thumb Code    18  gd32f1x0_usart.o(.text)
    usart_interrupt_enable                   0x08004451   Thumb Code    26  gd32f1x0_usart.o(.text)
    usart_interrupt_disable                  0x0800446b   Thumb Code    26  gd32f1x0_usart.o(.text)
    usart_command_enable                     0x08004485   Thumb Code     8  gd32f1x0_usart.o(.text)
    usart_interrupt_flag_get                 0x0800448d   Thumb Code    56  gd32f1x0_usart.o(.text)
    usart_interrupt_flag_clear               0x080044c5   Thumb Code    18  gd32f1x0_usart.o(.text)
    Reset_Handler                            0x080044d9   Thumb Code     8  startup_gd32f1x0.o(.text)
    ADC_CMP_IRQHandler                       0x080044f3   Thumb Code     0  startup_gd32f1x0.o(.text)
    CAN0_RX0_IRQHandler                      0x080044f3   Thumb Code     0  startup_gd32f1x0.o(.text)
    CAN0_RX1_IRQHandler                      0x080044f3   Thumb Code     0  startup_gd32f1x0.o(.text)
    CAN0_SCE_IRQHandler                      0x080044f3   Thumb Code     0  startup_gd32f1x0.o(.text)
    CAN0_TX_IRQHandler                       0x080044f3   Thumb Code     0  startup_gd32f1x0.o(.text)
    CAN1_RX0_IRQHandler                      0x080044f3   Thumb Code     0  startup_gd32f1x0.o(.text)
    CAN1_RX1_IRQHandler                      0x080044f3   Thumb Code     0  startup_gd32f1x0.o(.text)
    CAN1_SCE_IRQHandler                      0x080044f3   Thumb Code     0  startup_gd32f1x0.o(.text)
    CAN1_TX_IRQHandler                       0x080044f3   Thumb Code     0  startup_gd32f1x0.o(.text)
    CEC_IRQHandler                           0x080044f3   Thumb Code     0  startup_gd32f1x0.o(.text)
    DMA_Channel5_6_IRQHandler                0x080044f3   Thumb Code     0  startup_gd32f1x0.o(.text)
    EXTI0_1_IRQHandler                       0x080044f3   Thumb Code     0  startup_gd32f1x0.o(.text)
    EXTI2_3_IRQHandler                       0x080044f3   Thumb Code     0  startup_gd32f1x0.o(.text)
    EXTI4_15_IRQHandler                      0x080044f3   Thumb Code     0  startup_gd32f1x0.o(.text)
    FMC_IRQHandler                           0x080044f3   Thumb Code     0  startup_gd32f1x0.o(.text)
    I2C0_ER_IRQHandler                       0x080044f3   Thumb Code     0  startup_gd32f1x0.o(.text)
    I2C0_EV_IRQHandler                       0x080044f3   Thumb Code     0  startup_gd32f1x0.o(.text)
    I2C1_ER_IRQHandler                       0x080044f3   Thumb Code     0  startup_gd32f1x0.o(.text)
    I2C1_EV_IRQHandler                       0x080044f3   Thumb Code     0  startup_gd32f1x0.o(.text)
    I2C2_ER_IRQHandler                       0x080044f3   Thumb Code     0  startup_gd32f1x0.o(.text)
    I2C2_EV_IRQHandler                       0x080044f3   Thumb Code     0  startup_gd32f1x0.o(.text)
    LVD_IRQHandler                           0x080044f3   Thumb Code     0  startup_gd32f1x0.o(.text)
    RCU_IRQHandler                           0x080044f3   Thumb Code     0  startup_gd32f1x0.o(.text)
    RTC_IRQHandler                           0x080044f3   Thumb Code     0  startup_gd32f1x0.o(.text)
    SLCD_IRQHandler                          0x080044f3   Thumb Code     0  startup_gd32f1x0.o(.text)
    SPI0_IRQHandler                          0x080044f3   Thumb Code     0  startup_gd32f1x0.o(.text)
    SPI1_IRQHandler                          0x080044f3   Thumb Code     0  startup_gd32f1x0.o(.text)
    SPI2_IRQHandler                          0x080044f3   Thumb Code     0  startup_gd32f1x0.o(.text)
    TIMER0_Channel_IRQHandler                0x080044f3   Thumb Code     0  startup_gd32f1x0.o(.text)
    TIMER14_IRQHandler                       0x080044f3   Thumb Code     0  startup_gd32f1x0.o(.text)
    TIMER15_IRQHandler                       0x080044f3   Thumb Code     0  startup_gd32f1x0.o(.text)
    TIMER16_IRQHandler                       0x080044f3   Thumb Code     0  startup_gd32f1x0.o(.text)
    TIMER1_IRQHandler                        0x080044f3   Thumb Code     0  startup_gd32f1x0.o(.text)
    TIMER2_IRQHandler                        0x080044f3   Thumb Code     0  startup_gd32f1x0.o(.text)
    TIMER5_DAC_IRQHandler                    0x080044f3   Thumb Code     0  startup_gd32f1x0.o(.text)
    TSI_IRQHandler                           0x080044f3   Thumb Code     0  startup_gd32f1x0.o(.text)
    USART0_IRQHandler                        0x080044f3   Thumb Code     0  startup_gd32f1x0.o(.text)
    USART1_IRQHandler                        0x080044f3   Thumb Code     0  startup_gd32f1x0.o(.text)
    USBDWakeUp_IRQHandler                    0x080044f3   Thumb Code     0  startup_gd32f1x0.o(.text)
    USBD_HP_IRQHandler                       0x080044f3   Thumb Code     0  startup_gd32f1x0.o(.text)
    USBD_LP_IRQHandler                       0x080044f3   Thumb Code     0  startup_gd32f1x0.o(.text)
    WWDGT_IRQHandler                         0x080044f3   Thumb Code     0  startup_gd32f1x0.o(.text)
    __user_initial_stackheap                 0x080044f5   Thumb Code    10  startup_gd32f1x0.o(.text)
    SystemInit                               0x0800458b   Thumb Code   118  system_gd32f1x0.o(.text)
    SystemCoreClockUpdate                    0x08004601   Thumb Code   208  system_gd32f1x0.o(.text)
    __2sprintf                               0x08004705   Thumb Code    34  noretval__2sprintf.o(.text)
    _printf_pre_padding                      0x0800472d   Thumb Code    44  _printf_pad.o(.text)
    _printf_post_padding                     0x08004759   Thumb Code    34  _printf_pad.o(.text)
    _printf_int_dec                          0x0800477d   Thumb Code   104  _printf_dec.o(.text)
    __printf                                 0x080047f5   Thumb Code   308  __printf_flags_wp.o(.text)
    __use_two_region_memory                  0x0800492d   Thumb Code     2  heapauxi.o(.text)
    __rt_heap_escrow$2region                 0x0800492f   Thumb Code     2  heapauxi.o(.text)
    __rt_heap_expand$2region                 0x08004931   Thumb Code     2  heapauxi.o(.text)
    _printf_int_common                       0x08004933   Thumb Code   178  _printf_intcommon.o(.text)
    _printf_char_common                      0x080049ef   Thumb Code    32  _printf_char_common.o(.text)
    _sputc                                   0x08004a15   Thumb Code    10  _sputc.o(.text)
    __user_setup_stackheap                   0x08004a1f   Thumb Code    74  sys_stackheap_outer.o(.text)
    exit                                     0x08004a69   Thumb Code    18  exit.o(.text)
    __user_libspace                          0x08004a7d   Thumb Code     8  libspace.o(.text)
    __user_perproc_libspace                  0x08004a7d   Thumb Code     0  libspace.o(.text)
    __user_perthread_libspace                0x08004a7d   Thumb Code     0  libspace.o(.text)
    _sys_exit                                0x08004a85   Thumb Code     8  sys_exit.o(.text)
    __I$use$semihosting                      0x08004a91   Thumb Code     0  use_no_semi.o(.text)
    __use_no_semihosting_swi                 0x08004a91   Thumb Code     2  use_no_semi.o(.text)
    __semihosting_library_function           0x08004a93   Thumb Code     0  indicate_semi.o(.text)
    _is_digit                                0x08004a93   Thumb Code    14  __printf_wp.o(i._is_digit)
    blockPWM                                 0x08004aa1   Thumb Code   106  bldc.o(i.blockPWM)
    __aeabi_d2f                              0x08004b0d   Thumb Code     0  d2f.o(x$fpl$d2f)
    _d2f                                     0x08004b0d   Thumb Code    98  d2f.o(x$fpl$d2f)
    __aeabi_dadd                             0x08004b71   Thumb Code     0  daddsub_clz.o(x$fpl$dadd)
    _dadd                                    0x08004b71   Thumb Code   332  daddsub_clz.o(x$fpl$dadd)
    __fpl_dcmp_Inf                           0x08004cc1   Thumb Code    24  dcmpi.o(x$fpl$dcmpinf)
    __aeabi_i2d                              0x08004cd9   Thumb Code     0  dflt_clz.o(x$fpl$dflt)
    _dflt                                    0x08004cd9   Thumb Code    46  dflt_clz.o(x$fpl$dflt)
    __aeabi_cdcmple                          0x08004d09   Thumb Code     0  dleqf.o(x$fpl$dleqf)
    _dcmple                                  0x08004d09   Thumb Code   120  dleqf.o(x$fpl$dleqf)
    __fpl_dcmple_InfNaN                      0x08004d6b   Thumb Code     0  dleqf.o(x$fpl$dleqf)
    __aeabi_dmul                             0x08004d81   Thumb Code     0  dmul.o(x$fpl$dmul)
    _dmul                                    0x08004d81   Thumb Code   332  dmul.o(x$fpl$dmul)
    __fpl_dnaninf                            0x08004ed5   Thumb Code   156  dnaninf.o(x$fpl$dnaninf)
    __fpl_dretinf                            0x08004f71   Thumb Code    12  dretinf.o(x$fpl$dretinf)
    __aeabi_dsub                             0x08004f7d   Thumb Code     0  daddsub_clz.o(x$fpl$dsub)
    _dsub                                    0x08004f7d   Thumb Code   464  daddsub_clz.o(x$fpl$dsub)
    __aeabi_f2d                              0x08005151   Thumb Code     0  f2d.o(x$fpl$f2d)
    _f2d                                     0x08005151   Thumb Code    86  f2d.o(x$fpl$f2d)
    __fpl_fcmp_Inf                           0x080051a7   Thumb Code    24  fcmpi.o(x$fpl$fcmpinf)
    __aeabi_fdiv                             0x080051c1   Thumb Code     0  fdiv.o(x$fpl$fdiv)
    _fdiv                                    0x080051c1   Thumb Code   384  fdiv.o(x$fpl$fdiv)
    __aeabi_f2iz                             0x08005345   Thumb Code     0  ffix.o(x$fpl$ffix)
    _ffix                                    0x08005345   Thumb Code    54  ffix.o(x$fpl$ffix)
    __aeabi_ui2f                             0x0800537d   Thumb Code     0  fflt_clz.o(x$fpl$ffltu)
    _ffltu                                   0x0800537d   Thumb Code    38  fflt_clz.o(x$fpl$ffltu)
    __aeabi_cfcmple                          0x080053a5   Thumb Code     0  fleqf.o(x$fpl$fleqf)
    _fcmple                                  0x080053a5   Thumb Code   104  fleqf.o(x$fpl$fleqf)
    __fpl_fcmple_InfNaN                      0x080053f7   Thumb Code     0  fleqf.o(x$fpl$fleqf)
    __aeabi_fmul                             0x0800540d   Thumb Code     0  fmul.o(x$fpl$fmul)
    _fmul                                    0x0800540d   Thumb Code   258  fmul.o(x$fpl$fmul)
    __fpl_fnaninf                            0x0800550f   Thumb Code   140  fnaninf.o(x$fpl$fnaninf)
    __fpl_fretinf                            0x0800559b   Thumb Code    10  fretinf.o(x$fpl$fretinf)
    __aeabi_cfrcmple                         0x080055a5   Thumb Code     0  frleqf.o(x$fpl$frleqf)
    _frcmple                                 0x080055a5   Thumb Code    98  frleqf.o(x$fpl$frleqf)
    __I$use$fp                               0x08005606   Number         0  usenofp.o(x$fpl$usenofp)
    pwm_res                                  0x08005606   Data           2  bldc.o(.constdata)
    hall_to_pos                              0x08005608   Data           8  bldc.o(.constdata)
    Region$$Table$$Base                      0x08005624   Number         0  anon$$obj.o(Region$$Table)
    Region$$Table$$Limit                     0x08005644   Number         0  anon$$obj.o(Region$$Table)
    batteryVoltage                           0x20000000   Data           4  bldc.o(.data)
    currentDC                                0x20000004   Data           4  bldc.o(.data)
    realSpeed                                0x20000008   Data           4  bldc.o(.data)
    bldc_inputFilterPwm                      0x2000000c   Data           2  bldc.o(.data)
    bldc_enable                              0x2000000e   Data           1  bldc.o(.data)
    adc_buffer                               0x20000010   Data           4  bldc.o(.data)
    hall_a                                   0x20000014   Data           1  bldc.o(.data)
    hall_b                                   0x20000015   Data           1  bldc.o(.data)
    hall_c                                   0x20000016   Data           1  bldc.o(.data)
    hall                                     0x20000017   Data           1  bldc.o(.data)
    pos                                      0x20000018   Data           1  bldc.o(.data)
    lastPos                                  0x20000019   Data           1  bldc.o(.data)
    bldc_outputFilterPwm                     0x2000001a   Data           2  bldc.o(.data)
    filter_reg                               0x2000001c   Data           4  bldc.o(.data)
    buzzerToggle                             0x20000020   Data           1  bldc.o(.data)
    buzzerFreq                               0x20000021   Data           1  bldc.o(.data)
    buzzerPattern                            0x20000022   Data           1  bldc.o(.data)
    buzzerTimer                              0x20000024   Data           2  bldc.o(.data)
    offsetcount                              0x20000026   Data           2  bldc.o(.data)
    offsetdc                                 0x20000028   Data           2  bldc.o(.data)
    speedCounter                             0x2000002c   Data           4  bldc.o(.data)
    usartMasterSlave_rx_buf                  0x20000030   Data           1  setup.o(.data)
    usartSteer_COM_rx_buf                    0x20000031   Data           1  setup.o(.data)
    msTicks                                  0x20000034   Data           4  it.o(.data)
    timeoutCounter_ms                        0x20000038   Data           4  it.o(.data)
    timedOut                                 0x2000003c   Data           1  it.o(.data)
    hornCounter_ms                           0x20000040   Data           4  it.o(.data)
    upperLEDMaster                           0x20000046   Data           1  commsmasterslave.o(.data)
    lowerLEDMaster                           0x20000047   Data           1  commsmasterslave.o(.data)
    mosfetOutMaster                          0x20000048   Data           1  commsmasterslave.o(.data)
    beepsBackwardsMaster                     0x20000049   Data           1  commsmasterslave.o(.data)
    currentDCMaster                          0x2000004a   Data           2  commsmasterslave.o(.data)
    batteryMaster                            0x2000004c   Data           2  commsmasterslave.o(.data)
    realSpeedMaster                          0x2000004e   Data           2  commsmasterslave.o(.data)
    counter_Red                              0x20000092   Data           1  led.o(.data)
    counter_Green                            0x20000093   Data           1  led.o(.data)
    counter_Blue                             0x20000094   Data           1  led.o(.data)
    setValue_Red                             0x20000095   Data           1  led.o(.data)
    setValue_Green                           0x20000096   Data           1  led.o(.data)
    setValue_Blue                            0x20000097   Data           1  led.o(.data)
    SystemCoreClock                          0x200000ac   Data           4  system_gd32f1x0.o(.data)
    timeoutTimer_paramter_struct             0x200000b0   Data          16  setup.o(.bss)
    timerBldc_paramter_struct                0x200000c0   Data          16  setup.o(.bss)
    timerBldc_break_parameter_struct         0x200000d0   Data          24  setup.o(.bss)
    timerBldc_oc_parameter_struct            0x200000e8   Data          16  setup.o(.bss)
    dma_init_struct_usart                    0x200000f8   Data          36  setup.o(.bss)
    dma_init_struct_adc                      0x2000011c   Data          36  setup.o(.bss)
    __libspace_start                         0x20000158   Data          96  libspace.o(.bss)
    __temporary_stack_top$libspace           0x200001b8   Data           0  libspace.o(.bss)



==============================================================================

Memory Map of the image

  Image Entry point : 0x08000169

  Load Region LR_IROM1 (Base: 0x08000000, Size: 0x000056f4, Max: 0x00010000, ABSOLUTE)

    Execution Region ER_IROM1 (Exec base: 0x08000000, Load base: 0x08000000, Size: 0x00005644, Max: 0x00010000, ABSOLUTE)

    Exec Addr    Load Addr    Size         Type   Attr      Idx    E Section Name        Object

    0x08000000   0x08000000   0x00000168   Data   RO          698    RESET               startup_gd32f1x0.o
    0x08000168   0x08000168   0x00000008   Code   RO          769  * !!!main             c_w.l(__main.o)
    0x08000170   0x08000170   0x00000034   Code   RO          990    !!!scatter          c_w.l(__scatter.o)
    0x080001a4   0x080001a4   0x0000001a   Code   RO          992    !!handler_copy      c_w.l(__scatter_copy.o)
    0x080001be   0x080001be   0x00000002   PAD
    0x080001c0   0x080001c0   0x0000001c   Code   RO          994    !!handler_zi        c_w.l(__scatter_zi.o)
    0x080001dc   0x080001dc   0x00000000   Code   RO          766    .ARM.Collect$$_printf_percent$$00000000  c_w.l(_printf_percent.o)
    0x080001dc   0x080001dc   0x00000006   Code   RO          765    .ARM.Collect$$_printf_percent$$00000009  c_w.l(_printf_d.o)
    0x080001e2   0x080001e2   0x00000004   Code   RO          816    .ARM.Collect$$_printf_percent$$00000017  c_w.l(_printf_percent_end.o)
    0x080001e6   0x080001e6   0x00000002   Code   RO          858    .ARM.Collect$$libinit$$00000000  c_w.l(libinit.o)
    0x080001e8   0x080001e8   0x00000000   Code   RO          865    .ARM.Collect$$libinit$$00000002  c_w.l(libinit2.o)
    0x080001e8   0x080001e8   0x00000000   Code   RO          867    .ARM.Collect$$libinit$$00000004  c_w.l(libinit2.o)
    0x080001e8   0x080001e8   0x00000000   Code   RO          870    .ARM.Collect$$libinit$$0000000A  c_w.l(libinit2.o)
    0x080001e8   0x080001e8   0x00000000   Code   RO          872    .ARM.Collect$$libinit$$0000000C  c_w.l(libinit2.o)
    0x080001e8   0x080001e8   0x00000000   Code   RO          874    .ARM.Collect$$libinit$$0000000E  c_w.l(libinit2.o)
    0x080001e8   0x080001e8   0x00000000   Code   RO          877    .ARM.Collect$$libinit$$00000011  c_w.l(libinit2.o)
    0x080001e8   0x080001e8   0x00000000   Code   RO          879    .ARM.Collect$$libinit$$00000013  c_w.l(libinit2.o)
    0x080001e8   0x080001e8   0x00000000   Code   RO          881    .ARM.Collect$$libinit$$00000015  c_w.l(libinit2.o)
    0x080001e8   0x080001e8   0x00000000   Code   RO          883    .ARM.Collect$$libinit$$00000017  c_w.l(libinit2.o)
    0x080001e8   0x080001e8   0x00000000   Code   RO          885    .ARM.Collect$$libinit$$00000019  c_w.l(libinit2.o)
    0x080001e8   0x080001e8   0x00000000   Code   RO          887    .ARM.Collect$$libinit$$0000001B  c_w.l(libinit2.o)
    0x080001e8   0x080001e8   0x00000000   Code   RO          889    .ARM.Collect$$libinit$$0000001D  c_w.l(libinit2.o)
    0x080001e8   0x080001e8   0x00000000   Code   RO          891    .ARM.Collect$$libinit$$0000001F  c_w.l(libinit2.o)
    0x080001e8   0x080001e8   0x00000000   Code   RO          893    .ARM.Collect$$libinit$$00000021  c_w.l(libinit2.o)
    0x080001e8   0x080001e8   0x00000000   Code   RO          895    .ARM.Collect$$libinit$$00000023  c_w.l(libinit2.o)
    0x080001e8   0x080001e8   0x00000000   Code   RO          897    .ARM.Collect$$libinit$$00000025  c_w.l(libinit2.o)
    0x080001e8   0x080001e8   0x00000000   Code   RO          901    .ARM.Collect$$libinit$$0000002C  c_w.l(libinit2.o)
    0x080001e8   0x080001e8   0x00000000   Code   RO          903    .ARM.Collect$$libinit$$0000002E  c_w.l(libinit2.o)
    0x080001e8   0x080001e8   0x00000000   Code   RO          905    .ARM.Collect$$libinit$$00000030  c_w.l(libinit2.o)
    0x080001e8   0x080001e8   0x00000000   Code   RO          907    .ARM.Collect$$libinit$$00000032  c_w.l(libinit2.o)
    0x080001e8   0x080001e8   0x00000002   Code   RO          908    .ARM.Collect$$libinit$$00000033  c_w.l(libinit2.o)
    0x080001ea   0x080001ea   0x00000002   Code   RO          928    .ARM.Collect$$libshutdown$$00000000  c_w.l(libshutdown.o)
    0x080001ec   0x080001ec   0x00000000   Code   RO          941    .ARM.Collect$$libshutdown$$00000002  c_w.l(libshutdown2.o)
    0x080001ec   0x080001ec   0x00000000   Code   RO          943    .ARM.Collect$$libshutdown$$00000004  c_w.l(libshutdown2.o)
    0x080001ec   0x080001ec   0x00000000   Code   RO          945    .ARM.Collect$$libshutdown$$00000006  c_w.l(libshutdown2.o)
    0x080001ec   0x080001ec   0x00000000   Code   RO          948    .ARM.Collect$$libshutdown$$00000009  c_w.l(libshutdown2.o)
    0x080001ec   0x080001ec   0x00000000   Code   RO          951    .ARM.Collect$$libshutdown$$0000000C  c_w.l(libshutdown2.o)
    0x080001ec   0x080001ec   0x00000000   Code   RO          953    .ARM.Collect$$libshutdown$$0000000E  c_w.l(libshutdown2.o)
    0x080001ec   0x080001ec   0x00000000   Code   RO          956    .ARM.Collect$$libshutdown$$00000011  c_w.l(libshutdown2.o)
    0x080001ec   0x080001ec   0x00000002   Code   RO          957    .ARM.Collect$$libshutdown$$00000012  c_w.l(libshutdown2.o)
    0x080001ee   0x080001ee   0x00000000   Code   RO          809    .ARM.Collect$$rtentry$$00000000  c_w.l(__rtentry.o)
    0x080001ee   0x080001ee   0x00000000   Code   RO          831    .ARM.Collect$$rtentry$$00000002  c_w.l(__rtentry2.o)
    0x080001ee   0x080001ee   0x00000006   Code   RO          843    .ARM.Collect$$rtentry$$00000004  c_w.l(__rtentry4.o)
    0x080001f4   0x080001f4   0x00000000   Code   RO          833    .ARM.Collect$$rtentry$$00000009  c_w.l(__rtentry2.o)
    0x080001f4   0x080001f4   0x00000004   Code   RO          834    .ARM.Collect$$rtentry$$0000000A  c_w.l(__rtentry2.o)
    0x080001f8   0x080001f8   0x00000000   Code   RO          836    .ARM.Collect$$rtentry$$0000000C  c_w.l(__rtentry2.o)
    0x080001f8   0x080001f8   0x00000008   Code   RO          837    .ARM.Collect$$rtentry$$0000000D  c_w.l(__rtentry2.o)
    0x08000200   0x08000200   0x00000002   Code   RO          862    .ARM.Collect$$rtexit$$00000000  c_w.l(rtexit.o)
    0x08000202   0x08000202   0x00000000   Code   RO          910    .ARM.Collect$$rtexit$$00000002  c_w.l(rtexit2.o)
    0x08000202   0x08000202   0x00000004   Code   RO          911    .ARM.Collect$$rtexit$$00000003  c_w.l(rtexit2.o)
    0x08000206   0x08000206   0x00000006   Code   RO          912    .ARM.Collect$$rtexit$$00000004  c_w.l(rtexit2.o)
    0x0800020c   0x0800020c   0x000000a4   Code   RO            4    .text               main.o
    0x080002b0   0x080002b0   0x00000348   Code   RO          143    .text               bldc.o
    0x080005f8   0x080005f8   0x00000794   Code   RO          182    .text               setup.o
    0x08000d8c   0x08000d8c   0x00000128   Code   RO          211    .text               it.o
    0x08000eb4   0x08000eb4   0x00000070   Code   RO          245    .text               comms.o
    0x08000f24   0x08000f24   0x00000320   Code   RO          269    .text               commsbluetooth.o
    0x08001244   0x08001244   0x00000258   Code   RO          324    .text               commsmasterslave.o
    0x0800149c   0x0800149c   0x0000044c   Code   RO          353    .text               led.o
    0x080018e8   0x080018e8   0x000006a0   Code   RO          383    .text               gd32f1x0_adc.o
    0x08001f88   0x08001f88   0x000004cc   Code   RO          431    .text               gd32f1x0_dma.o
    0x08002454   0x08002454   0x000000cc   Code   RO          455    .text               gd32f1x0_fwdgt.o
    0x08002520   0x08002520   0x000001dc   Code   RO          479    .text               gd32f1x0_gpio.o
    0x080026fc   0x080026fc   0x00000124   Code   RO          527    .text               gd32f1x0_misc.o
    0x08002820   0x08002820   0x000008a8   Code   RO          579    .text               gd32f1x0_rcu.o
    0x080030c8   0x080030c8   0x00000dc0   Code   RO          627    .text               gd32f1x0_timer.o
    0x08003e88   0x08003e88   0x0000064e   Code   RO          651    .text               gd32f1x0_usart.o
    0x080044d6   0x080044d6   0x00000002   PAD
    0x080044d8   0x080044d8   0x00000040   Code   RO          699    .text               startup_gd32f1x0.o
    0x08004518   0x08004518   0x000001ec   Code   RO          706    .text               system_gd32f1x0.o
    0x08004704   0x08004704   0x00000028   Code   RO          737    .text               c_w.l(noretval__2sprintf.o)
    0x0800472c   0x0800472c   0x0000004e   Code   RO          741    .text               c_w.l(_printf_pad.o)
    0x0800477a   0x0800477a   0x00000002   PAD
    0x0800477c   0x0800477c   0x00000078   Code   RO          743    .text               c_w.l(_printf_dec.o)
    0x080047f4   0x080047f4   0x00000138   Code   RO          757    .text               c_w.l(__printf_flags_wp.o)
    0x0800492c   0x0800492c   0x00000006   Code   RO          767    .text               c_w.l(heapauxi.o)
    0x08004932   0x08004932   0x000000b2   Code   RO          810    .text               c_w.l(_printf_intcommon.o)
    0x080049e4   0x080049e4   0x00000030   Code   RO          812    .text               c_w.l(_printf_char_common.o)
    0x08004a14   0x08004a14   0x0000000a   Code   RO          814    .text               c_w.l(_sputc.o)
    0x08004a1e   0x08004a1e   0x0000004a   Code   RO          849    .text               c_w.l(sys_stackheap_outer.o)
    0x08004a68   0x08004a68   0x00000012   Code   RO          851    .text               c_w.l(exit.o)
    0x08004a7a   0x08004a7a   0x00000002   PAD
    0x08004a7c   0x08004a7c   0x00000008   Code   RO          859    .text               c_w.l(libspace.o)
    0x08004a84   0x08004a84   0x0000000c   Code   RO          920    .text               c_w.l(sys_exit.o)
    0x08004a90   0x08004a90   0x00000002   Code   RO          931    .text               c_w.l(use_no_semi.o)
    0x08004a92   0x08004a92   0x00000000   Code   RO          933    .text               c_w.l(indicate_semi.o)
    0x08004a92   0x08004a92   0x0000000e   Code   RO          755    i._is_digit         c_w.l(__printf_wp.o)
    0x08004aa0   0x08004aa0   0x0000006a   Code   RO          165    i.blockPWM          bldc.o
    0x08004b0a   0x08004b0a   0x00000002   PAD
    0x08004b0c   0x08004b0c   0x00000062   Code   RO          771    x$fpl$d2f           fz_ws.l(d2f.o)
    0x08004b6e   0x08004b6e   0x00000002   PAD
    0x08004b70   0x08004b70   0x00000150   Code   RO          773    x$fpl$dadd          fz_ws.l(daddsub_clz.o)
    0x08004cc0   0x08004cc0   0x00000018   Code   RO          817    x$fpl$dcmpinf       fz_ws.l(dcmpi.o)
    0x08004cd8   0x08004cd8   0x0000002e   Code   RO          780    x$fpl$dflt          fz_ws.l(dflt_clz.o)
    0x08004d06   0x08004d06   0x00000002   PAD
    0x08004d08   0x08004d08   0x00000078   Code   RO          785    x$fpl$dleqf         fz_ws.l(dleqf.o)
    0x08004d80   0x08004d80   0x00000154   Code   RO          787    x$fpl$dmul          fz_ws.l(dmul.o)
    0x08004ed4   0x08004ed4   0x0000009c   Code   RO          819    x$fpl$dnaninf       fz_ws.l(dnaninf.o)
    0x08004f70   0x08004f70   0x0000000c   Code   RO          821    x$fpl$dretinf       fz_ws.l(dretinf.o)
    0x08004f7c   0x08004f7c   0x000001d4   Code   RO          775    x$fpl$dsub          fz_ws.l(daddsub_clz.o)
    0x08005150   0x08005150   0x00000056   Code   RO          789    x$fpl$f2d           fz_ws.l(f2d.o)
    0x080051a6   0x080051a6   0x00000018   Code   RO          847    x$fpl$fcmpinf       fz_ws.l(fcmpi.o)
    0x080051be   0x080051be   0x00000002   PAD
    0x080051c0   0x080051c0   0x00000184   Code   RO          792    x$fpl$fdiv          fz_ws.l(fdiv.o)
    0x08005344   0x08005344   0x00000036   Code   RO          795    x$fpl$ffix          fz_ws.l(ffix.o)
    0x0800537a   0x0800537a   0x00000002   PAD
    0x0800537c   0x0800537c   0x00000026   Code   RO          799    x$fpl$ffltu         fz_ws.l(fflt_clz.o)
    0x080053a2   0x080053a2   0x00000002   PAD
    0x080053a4   0x080053a4   0x00000068   Code   RO          823    x$fpl$fleqf         fz_ws.l(fleqf.o)
    0x0800540c   0x0800540c   0x00000102   Code   RO          805    x$fpl$fmul          fz_ws.l(fmul.o)
    0x0800550e   0x0800550e   0x0000008c   Code   RO          825    x$fpl$fnaninf       fz_ws.l(fnaninf.o)
    0x0800559a   0x0800559a   0x0000000a   Code   RO          827    x$fpl$fretinf       fz_ws.l(fretinf.o)
    0x080055a4   0x080055a4   0x00000062   Code   RO          807    x$fpl$frleqf        fz_ws.l(frleqf.o)
    0x08005606   0x08005606   0x00000000   Code   RO          829    x$fpl$usenofp       fz_ws.l(usenofp.o)
    0x08005606   0x08005606   0x0000000a   Data   RO          144    .constdata          bldc.o
    0x08005610   0x08005610   0x00000011   Data   RO          758    .constdata          c_w.l(__printf_flags_wp.o)
    0x08005621   0x08005621   0x00000003   PAD
    0x08005624   0x08005624   0x00000020   Data   RO          988    Region$$Table       anon$$obj.o


    Execution Region RW_IRAM1 (Exec base: 0x20000000, Load base: 0x08005644, Size: 0x000009b8, Max: 0x00002000, ABSOLUTE)

    Exec Addr    Load Addr    Size         Type   Attr      Idx    E Section Name        Object

    0x20000000   0x08005644   0x00000030   Data   RW          145    .data               bldc.o
    0x20000030   0x08005674   0x00000002   Data   RW          184    .data               setup.o
    0x20000032   0x08005676   0x00000002   PAD
    0x20000034   0x08005678   0x00000010   Data   RW          212    .data               it.o
    0x20000044   0x08005688   0x00000002   Data   RW          271    .data               commsbluetooth.o
    0x20000046   0x0800568a   0x0000000c   Data   RW          326    .data               commsmasterslave.o
    0x20000052   0x08005696   0x00000059   Data   RW          354    .data               led.o
    0x200000ab   0x080056ef   0x00000001   PAD
    0x200000ac   0x080056f0   0x00000004   Data   RW          707    .data               system_gd32f1x0.o
    0x200000b0        -       0x00000090   Zero   RW          183    .bss                setup.o
    0x20000140        -       0x0000000b   Zero   RW          270    .bss                commsbluetooth.o
    0x2000014b        -       0x0000000a   Zero   RW          325    .bss                commsmasterslave.o
    0x20000155   0x080056f4   0x00000003   PAD
    0x20000158        -       0x00000060   Zero   RW          860    .bss                c_w.l(libspace.o)
    0x200001b8        -       0x00000400   Zero   RW          697    HEAP                startup_gd32f1x0.o
    0x200005b8        -       0x00000400   Zero   RW          696    STACK               startup_gd32f1x0.o


==============================================================================

Image component sizes


      Code (inc. data)   RO Data    RW Data    ZI Data      Debug   Object Name

       946        138         10         48          0       3477   bldc.o
       112          0          0          0          0       1297   comms.o
       800         80          0          2         11       3168   commsbluetooth.o
       600         52          0         12         10       5244   commsmasterslave.o
      1696         20          0          0          0       6969   gd32f1x0_adc.o
      1228          8          0          0          0       6512   gd32f1x0_dma.o
       204         10          0          0          0       1770   gd32f1x0_fwdgt.o
       476         10          0          0          0       3729   gd32f1x0_gpio.o
       292         22          0          0          0       1845   gd32f1x0_misc.o
      2216         90          0          0          0       9344   gd32f1x0_rcu.o
      3520         34          0          0          0      18563   gd32f1x0_timer.o
      1614         12          0          0          0      14159   gd32f1x0_usart.o
       296         26          0         16          0       2972   it.o
      1100         92          0         89          0       5603   led.o
       164         18          0          0          0      89098   main.o
      1940         72          0          2        144       3514   setup.o
        64         26        360          0       2048        892   startup_gd32f1x0.o
       492         52          0          4          0       2061   system_gd32f1x0.o

    ----------------------------------------------------------------------
     17764        762        402        176       2216     180217   Object Totals
         0          0         32          0          0          0   (incl. Generated)
         4          0          0          3          3          0   (incl. Padding)

    ----------------------------------------------------------------------

      Code (inc. data)   RO Data    RW Data    ZI Data      Debug   Library Member Name

         8          0          0          0          0         68   __main.o
       312          4         17          0          0         92   __printf_flags_wp.o
        14          0          0          0          0         68   __printf_wp.o
         0          0          0          0          0          0   __rtentry.o
        12          0          0          0          0          0   __rtentry2.o
         6          0          0          0          0          0   __rtentry4.o
        52          8          0          0          0          0   __scatter.o
        26          0          0          0          0          0   __scatter_copy.o
        28          0          0          0          0          0   __scatter_zi.o
        48          6          0          0          0         96   _printf_char_common.o
         6          0          0          0          0          0   _printf_d.o
       120         16          0          0          0         92   _printf_dec.o
       178          0          0          0          0         88   _printf_intcommon.o
        78          0          0          0          0        108   _printf_pad.o
         0          0          0          0          0          0   _printf_percent.o
         4          0          0          0          0          0   _printf_percent_end.o
        10          0          0          0          0         68   _sputc.o
        18          0          0          0          0         80   exit.o
         6          0          0          0          0        152   heapauxi.o
         0          0          0          0          0          0   indicate_semi.o
         2          0          0          0          0          0   libinit.o
         2          0          0          0          0          0   libinit2.o
         2          0          0          0          0          0   libshutdown.o
         2          0          0          0          0          0   libshutdown2.o
         8          4          0          0         96         68   libspace.o
        40          6          0          0          0         84   noretval__2sprintf.o
         2          0          0          0          0          0   rtexit.o
        10          0          0          0          0          0   rtexit2.o
        12          4          0          0          0         68   sys_exit.o
        74          0          0          0          0         80   sys_stackheap_outer.o
         2          0          0          0          0         68   use_no_semi.o
        98          4          0          0          0         92   d2f.o
       804         16          0          0          0        272   daddsub_clz.o
        24          0          0          0          0         68   dcmpi.o
        46          0          0          0          0         68   dflt_clz.o
       120          4          0          0          0         92   dleqf.o
       340         12          0          0          0        104   dmul.o
       156          4          0          0          0         92   dnaninf.o
        12          0          0          0          0         68   dretinf.o
        86          4          0          0          0         84   f2d.o
        24          0          0          0          0         68   fcmpi.o
       388         76          0          0          0         96   fdiv.o
        54          4          0          0          0         84   ffix.o
        38          0          0          0          0         68   fflt_clz.o
       104          4          0          0          0         84   fleqf.o
       258          4          0          0          0         84   fmul.o
       140          4          0          0          0         84   fnaninf.o
        10          0          0          0          0         68   fretinf.o
        98          0          0          0          0         68   frleqf.o
         0          0          0          0          0          0   usenofp.o

    ----------------------------------------------------------------------
      3898        184         20          0         96       2924   Library Totals
        16          0          3          0          0          0   (incl. Padding)

    ----------------------------------------------------------------------

      Code (inc. data)   RO Data    RW Data    ZI Data      Debug   Library Name

      1082         48         17          0         96       1280   c_w.l
      2800        136          0          0          0       1644   fz_ws.l

    ----------------------------------------------------------------------
      3898        184         20          0         96       2924   Library Totals

    ----------------------------------------------------------------------

==============================================================================


      Code (inc. data)   RO Data    RW Data    ZI Data      Debug   

     21662        946        422        176       2312     179497   Grand Totals
     21662        946        422        176       2312     179497   ELF Image Totals
     21662        946        422        176          0          0   ROM Totals

==============================================================================

    Total RO  Size (Code + RO Data)                22084 (  21.57kB)
    Total RW  Size (RW Data + ZI Data)              2488 (   2.43kB)
    Total ROM Size (Code + RO Data + RW Data)      22260 (  21.74kB)

==============================================================================

